Component: ARM Compiler 5.06 update 1 (build 61) Tool: armlink [4d35a8]

==============================================================================

Section Cross References

    main.o(i.key_is_pressed) refers to stm32f10x_rcc.o(i.RCC_APB2PeriphClockCmd) for RCC_APB2PeriphClockCmd
    main.o(i.key_is_pressed) refers to stm32f10x_gpio.o(i.GPIO_DeInit) for GPIO_DeInit
    main.o(i.key_is_pressed) refers to stm32f10x_gpio.o(i.GPIO_Init) for GPIO_Init
    main.o(i.key_is_pressed) refers to timebase.o(i.delay_ms) for delay_ms
    main.o(i.key_is_pressed) refers to stm32f10x_gpio.o(i.GPIO_ReadInputDataBit) for GPIO_ReadInputDataBit
    main.o(i.main) refers to stm32f10x_rcc.o(i.RCC_APB2PeriphClockCmd) for RCC_APB2PeriphClockCmd
    main.o(i.main) refers to stm32f10x_gpio.o(i.GPIO_PinRemapConfig) for GPIO_PinRemapConfig
    main.o(i.main) refers to timebase.o(i.timebase_init) for timebase_init
    main.o(i.main) refers to led.o(i.led_init) for led_init
    main.o(i.main) refers to blaster.o(i.blaster_init) for blaster_init
    main.o(i.main) refers to main.o(i.key_is_pressed) for key_is_pressed
    main.o(i.main) refers to hw_config.o(i.USB_HW_Config) for USB_HW_Config
    main.o(i.main) refers to usb_init.o(i.USB_Init) for USB_Init
    main.o(i.main) refers to led.o(i.led_flash) for led_flash
    main.o(i.main) refers to led.o(i.led_update) for led_update
    main.o(i.main) refers to blaster.o(i.blaster_exec) for blaster_exec
    main.o(i.main) refers to usb_pwr.o(.data) for bDeviceState
    blaster.o(i.blaster_exec) refers to blaster.o(i.blaster_usbrecv) for blaster_usbrecv
    blaster.o(i.blaster_exec) refers to blaster.o(i.blaster_ioproc) for blaster_ioproc
    blaster.o(i.blaster_exec) refers to blaster.o(i.blaster_usbsend) for blaster_usbsend
    blaster.o(i.blaster_init) refers to ringbuf.o(i.ringbuf_init) for ringbuf_init
    blaster.o(i.blaster_init) refers to blaster_port.o(i.bport_init) for bport_init
    blaster.o(i.blaster_init) refers to blaster.o(.data) for g_blaster_rx_req
    blaster.o(i.blaster_init) refers to blaster.o(.bss) for s_send_packet_buff
    blaster.o(i.blaster_ioproc) refers to blaster_port.o(i.bport_state_set) for bport_state_set
    blaster.o(i.blaster_ioproc) refers to blaster_port.o(i.bport_state_get) for bport_state_get
    blaster.o(i.blaster_ioproc) refers to ringbuf.o(i.ringbuf_putc) for ringbuf_putc
    blaster.o(i.blaster_ioproc) refers to blaster_port.o(i.bport_shift_io) for bport_shift_io
    blaster.o(i.blaster_ioproc) refers to blaster_port.o(i.bport_shift_out) for bport_shift_out
    blaster.o(i.blaster_ioproc) refers to ringbuf.o(i.ringbuf_is_full) for ringbuf_is_full
    blaster.o(i.blaster_ioproc) refers to blaster.o(.bss) for s_recv_buffer
    blaster.o(i.blaster_ioproc) refers to blaster.o(.data) for s_recv_buff_idx
    blaster.o(i.blaster_usbrecv) refers to usb_regs.o(i.GetENDPOINT) for GetENDPOINT
    blaster.o(i.blaster_usbrecv) refers to usb_regs.o(i.GetEPDblBuf0Count) for GetEPDblBuf0Count
    blaster.o(i.blaster_usbrecv) refers to usb_mem.o(i.PMAToUserBufferCopy) for PMAToUserBufferCopy
    blaster.o(i.blaster_usbrecv) refers to usb_regs.o(i.GetEPDblBuf1Count) for GetEPDblBuf1Count
    blaster.o(i.blaster_usbrecv) refers to usb_regs.o(i.FreeUserBuffer) for FreeUserBuffer
    blaster.o(i.blaster_usbrecv) refers to blaster.o(.data) for g_blaster_rx_req
    blaster.o(i.blaster_usbrecv) refers to blaster.o(.bss) for s_recv_buffer
    blaster.o(i.blaster_usbsend) refers to ringbuf.o(i.ringbuf_use_len) for ringbuf_use_len
    blaster.o(i.blaster_usbsend) refers to timebase.o(i.millis) for millis
    blaster.o(i.blaster_usbsend) refers to ringbuf.o(i.ringbuf_get) for ringbuf_get
    blaster.o(i.blaster_usbsend) refers to usb_sil.o(i.USB_SIL_Write) for USB_SIL_Write
    blaster.o(i.blaster_usbsend) refers to usb_regs.o(i.SetEPTxValid) for SetEPTxValid
    blaster.o(i.blaster_usbsend) refers to blaster.o(.data) for g_blaster_tx_ready
    blaster.o(i.blaster_usbsend) refers to blaster.o(.bss) for s_send_ring_buff
    blaster_port.o(i.bport_init) refers to stm32f10x_rcc.o(i.RCC_APB2PeriphClockCmd) for RCC_APB2PeriphClockCmd
    blaster_port.o(i.bport_init) refers to stm32f10x_gpio.o(i.GPIO_Init) for GPIO_Init
    ft245rom.o(i.ft245rom_init) refers to ft245rom.o(i.ft245rom_checksum) for ft245rom_checksum
    ft245rom.o(i.ft245rom_init) refers to ft245rom.o(.bss) for s_ft245rom_buf
    ft245rom.o(i.ft245rom_init) refers to usb_desc.o(.constdata) for Blaster_StringVendor
    ft245rom.o(i.ft245rom_init) refers to usb_desc.o(.data) for Blaster_StringSerial
    ft245rom.o(i.ft245rom_read) refers to ft245rom.o(.bss) for s_ft245rom_buf
    ringbuf.o(i.ringbuf_get) refers to memcpya.o(.text) for __aeabi_memcpy
    ringbuf.o(i.ringbuf_put) refers to memcpya.o(.text) for __aeabi_memcpy
    ringbuf.o(i.ringbuf_putc) refers to ringbuf.o(i.ringbuf_is_full) for ringbuf_is_full
    led.o(i.led_flash) refers to timebase.o(i.millis) for millis
[...]
    entry.o(.ARM.Collect$$$$00000000) refers (Special) to entry11a.o(.ARM.Collect$$$$0000000F) for __rt_final_exit
    entry.o(.ARM.Collect$$$$00000000) refers (Special) to entry7b.o(.ARM.Collect$$$$00000008) for _main_clock
    entry.o(.ARM.Collect$$$$00000000) refers (Special) to entry8b.o(.ARM.Collect$$$$0000000A) for _main_cpp_init
    entry.o(.ARM.Collect$$$$00000000) refers (Special) to entry9a.o(.ARM.Collect$$$$0000000B) for _main_init
    entry.o(.ARM.Collect$$$$00000000) refers (Special) to entry5.o(.ARM.Collect$$$$00000004) for _main_scatterload
    entry.o(.ARM.Collect$$$$00000000) refers (Special) to entry2.o(.ARM.Collect$$$$00000001) for _main_stk
    entry2.o(.ARM.Collect$$$$00000001) refers to entry2.o(.ARM.Collect$$$$00002712) for __lit__00000000
    entry2.o(.ARM.Collect$$$$00002712) refers to startup_stm32f10x_md.o(STACK) for __initial_sp
    entry2.o(__vectab_stack_and_reset_area) refers to startup_stm32f10x_md.o(STACK) for __initial_sp
    entry2.o(__vectab_stack_and_reset_area) refers to entry.o(.ARM.Collect$$$$00000000) for __main
    entry5.o(.ARM.Collect$$$$00000004) refers to init.o(.text) for __scatterload
    entry9a.o(.ARM.Collect$$$$0000000B) refers to main.o(i.main) for main
    entry9b.o(.ARM.Collect$$$$0000000C) refers to main.o(i.main) for main
    init.o(.text) refers to entry5.o(.ARM.Collect$$$$00000004) for __main_after_scatterload


==============================================================================

Removing Unused input sections from the image.

    Removing main.o(.rev16_text), (4 bytes).
    Removing main.o(.revsh_text), (4 bytes).
    Removing main.o(.rrx_text), (6 bytes).
    Removing blaster.o(.rev16_text), (4 bytes).
    Removing blaster.o(.revsh_text), (4 bytes).
    Removing blaster.o(.rrx_text), (6 bytes).
    Removing blaster_port.o(.rev16_text), (4 bytes).
    Removing blaster_port.o(.revsh_text), (4 bytes).
    Removing blaster_port.o(.rrx_text), (6 bytes).
    Removing ft245rom.o(.rev16_text), (4 bytes).
    Removing ft245rom.o(.revsh_text), (4 bytes).
    Removing ft245rom.o(.rrx_text), (6 bytes).
    Removing ringbuf.o(.rev16_text), (4 bytes).
    Removing ringbuf.o(.revsh_text), (4 bytes).
    Removing ringbuf.o(.rrx_text), (6 bytes).
    Removing ringbuf.o(i.ringbuf_put), (118 bytes).
    Removing led.o(.rev16_text), (4 bytes).
    Removing led.o(.revsh_text), (4 bytes).
    Removing led.o(.rrx_text), (6 bytes).
    Removing led.o(i.led_light), (36 bytes).
    Removing timebase.o(.rev16_text), (4 bytes).
    Removing timebase.o(.revsh_text), (4 bytes).
    Removing timebase.o(.rrx_text), (6 bytes).
    Removing timebase.o(i.ticks), (8 bytes).
    Removing hw_config.o(.rev16_text), (4 bytes).
    Removing hw_config.o(.revsh_text), (4 bytes).
    Removing hw_config.o(.rrx_text), (6 bytes).
    Removing hw_config.o(i.Enter_LowPowerMode), (12 bytes).
    Removing hw_config.o(i.Leave_LowPowerMode), (36 bytes).
    Removing usb_desc.o(.rev16_text), (4 bytes).
    Removing usb_desc.o(.revsh_text), (4 bytes).
    Removing usb_desc.o(.rrx_text), (6 bytes).
    Removing usb_endp.o(.rev16_text), (4 bytes).
    Removing usb_endp.o(.revsh_text), (4 bytes).
    Removing usb_endp.o(.rrx_text), (6 bytes).
    Removing usb_istr.o(.rev16_text), (4 bytes).
    Removing usb_istr.o(.revsh_text), (4 bytes).
    Removing usb_istr.o(.rrx_text), (6 bytes).
    Removing usb_prop.o(.rev16_text), (4 bytes).
    Removing usb_prop.o(.revsh_text), (4 bytes).
    Removing usb_prop.o(.rrx_text), (6 bytes).
    Removing usb_pwr.o(.rev16_text), (4 bytes).
    Removing usb_pwr.o(.revsh_text), (4 bytes).
    Removing usb_pwr.o(.rrx_text), (6 bytes).
    Removing usb_pwr.o(i.PowerOff), (32 bytes).
    Removing usb_pwr.o(i.Resume), (208 bytes).
    Removing usb_pwr.o(i.Resume_Init), (36 bytes).
    Removing usb_pwr.o(i.Suspend), (260 bytes).
    Removing usb_pwr.o(.bss), (32 bytes).
    Removing stm32_it.o(.rev16_text), (4 bytes).
    Removing stm32_it.o(.revsh_text), (4 bytes).
    Removing stm32_it.o(.rrx_text), (6 bytes).
    Removing system_stm32f10x.o(.rev16_text), (4 bytes).
    Removing system_stm32f10x.o(.revsh_text), (4 bytes).
    Removing system_stm32f10x.o(.rrx_text), (6 bytes).
    Removing system_stm32f10x.o(i.SystemCoreClockUpdate), (164 bytes).
    Removing startup_stm32f10x_md.o(HEAP), (512 bytes).
    Removing usb_core.o(.rev16_text), (4 bytes).
    Removing usb_core.o(.revsh_text), (4 bytes).
    Removing usb_core.o(.rrx_text), (6 bytes).
    Removing usb_init.o(.rev16_text), (4 bytes).
    Removing usb_init.o(.revsh_text), (4 bytes).
    Removing usb_init.o(.rrx_text), (6 bytes).
    Removing usb_int.o(.rev16_text), (4 bytes).
    Removing usb_int.o(.revsh_text), (4 bytes).
    Removing usb_int.o(.rrx_text), (6 bytes).
    Removing usb_mem.o(.rev16_text), (4 bytes).
    Removing usb_mem.o(.revsh_text), (4 bytes).
    Removing usb_mem.o(.rrx_text), (6 bytes).
    Removing usb_regs.o(.rev16_text), (4 bytes).
    Removing usb_regs.o(.revsh_text), (4 bytes).
    Removing usb_regs.o(.rrx_text), (6 bytes).
    Removing usb_regs.o(i.ClearEPDoubleBuff), (40 bytes).
    Removing usb_regs.o(i.ClearEP_CTR_RX), (36 bytes).
    Removing usb_regs.o(i.ClearEP_CTR_TX), (32 bytes).
    Removing usb_regs.o(i.ClearEP_KIND), (40 bytes).
    Removing usb_regs.o(i.GetBTABLE), (12 bytes).
    Removing usb_regs.o(i.GetCNTR), (12 bytes).
    Removing usb_regs.o(i.GetDADDR), (12 bytes).
    Removing usb_regs.o(i.GetEPAddress), (24 bytes).
    Removing usb_regs.o(i.GetEPDblBuf0Addr), (32 bytes).
    Removing usb_regs.o(i.GetEPDblBuf1Addr), (32 bytes).
    Removing usb_regs.o(i.GetEPDblBufDir), (72 bytes).
    Removing usb_regs.o(i.GetEPRxCount), (36 bytes).
    Removing usb_regs.o(i.GetEPRxStatus), (24 bytes).
    Removing usb_regs.o(i.GetEPTxCount), (36 bytes).
    Removing usb_regs.o(i.GetEPTxStatus), (24 bytes).
    Removing usb_regs.o(i.GetEPType), (24 bytes).
    Removing usb_regs.o(i.GetFNR), (12 bytes).
    Removing usb_regs.o(i.GetISTR), (12 bytes).
    Removing usb_regs.o(i.GetRxStallStatus), (36 bytes).
    Removing usb_regs.o(i.GetTxStallStatus), (32 bytes).
    Removing usb_regs.o(i.SetCNTR), (12 bytes).
    Removing usb_regs.o(i.SetDADDR), (12 bytes).
    Removing usb_regs.o(i.SetDouBleBuffEPStall), (60 bytes).
    Removing usb_regs.o(i.SetENDPOINT), (16 bytes).
    Removing usb_regs.o(i.SetEPAddress), (44 bytes).
    Removing usb_regs.o(i.SetEPCountRxReg), (48 bytes).
    Removing usb_regs.o(i.SetEPDblBuf0Addr), (32 bytes).
    Removing usb_regs.o(i.SetEPDblBuf0Count), (104 bytes).
    Removing usb_regs.o(i.SetEPDblBuf1Addr), (36 bytes).
    Removing usb_regs.o(i.SetEPDblBuf1Count), (104 bytes).
    Removing usb_regs.o(i.SetEP_KIND), (44 bytes).
    Removing usb_regs.o(i.SetISTR), (12 bytes).
    Removing usb_regs.o(i.Set_Status_Out), (44 bytes).
    Removing usb_regs.o(i.ToWord), (8 bytes).
    Removing usb_regs.o(i.ToggleDTOG_RX), (40 bytes).
    Removing usb_sil.o(.rev16_text), (4 bytes).
    Removing usb_sil.o(.revsh_text), (4 bytes).
    Removing usb_sil.o(.rrx_text), (6 bytes).
    Removing usb_sil.o(i.USB_SIL_Read), (46 bytes).
    Removing misc.o(.rev16_text), (4 bytes).
    Removing misc.o(.revsh_text), (4 bytes).
    Removing misc.o(.rrx_text), (6 bytes).
    Removing misc.o(i.NVIC_SetVectorTable), (20 bytes).
    Removing misc.o(i.NVIC_SystemLPConfig), (32 bytes).
    Removing misc.o(i.SysTick_CLKSourceConfig), (40 bytes).
    Removing stm32f10x_exti.o(.rev16_text), (4 bytes).
    Removing stm32f10x_exti.o(.revsh_text), (4 bytes).
    Removing stm32f10x_exti.o(.rrx_text), (6 bytes).
    Removing stm32f10x_exti.o(i.EXTI_ClearFlag), (12 bytes).
    Removing stm32f10x_exti.o(i.EXTI_DeInit), (36 bytes).
    Removing stm32f10x_exti.o(i.EXTI_GenerateSWInterrupt), (16 bytes).
    Removing stm32f10x_exti.o(i.EXTI_GetFlagStatus), (24 bytes).
    Removing stm32f10x_exti.o(i.EXTI_GetITStatus), (40 bytes).
    Removing stm32f10x_exti.o(i.EXTI_StructInit), (16 bytes).
    Removing stm32f10x_spi.o(.rev16_text), (4 bytes).
    Removing stm32f10x_spi.o(.revsh_text), (4 bytes).
    Removing stm32f10x_spi.o(.rrx_text), (6 bytes).
    Removing stm32f10x_spi.o(i.I2S_Cmd), (24 bytes).
    Removing stm32f10x_spi.o(i.I2S_Init), (232 bytes).
    Removing stm32f10x_spi.o(i.I2S_StructInit), (20 bytes).
    Removing stm32f10x_spi.o(i.SPI_BiDirectionalLineConfig), (28 bytes).
    Removing stm32f10x_spi.o(i.SPI_CalculateCRC), (24 bytes).
    Removing stm32f10x_spi.o(i.SPI_Cmd), (24 bytes).
    Removing stm32f10x_spi.o(i.SPI_DataSizeConfig), (18 bytes).
    Removing stm32f10x_spi.o(i.SPI_GetCRC), (16 bytes).
    Removing stm32f10x_spi.o(i.SPI_GetCRCPolynomial), (6 bytes).
    Removing stm32f10x_spi.o(i.SPI_I2S_ClearFlag), (6 bytes).
    Removing stm32f10x_spi.o(i.SPI_I2S_ClearITPendingBit), (20 bytes).
    Removing stm32f10x_spi.o(i.SPI_I2S_DMACmd), (18 bytes).
    Removing stm32f10x_spi.o(i.SPI_I2S_DeInit), (88 bytes).
    Removing stm32f10x_spi.o(i.SPI_I2S_GetFlagStatus), (18 bytes).
    Removing stm32f10x_spi.o(i.SPI_I2S_GetITStatus), (52 bytes).
    Removing stm32f10x_spi.o(i.SPI_I2S_ITConfig), (32 bytes).
    Removing stm32f10x_spi.o(i.SPI_I2S_ReceiveData), (6 bytes).
    Removing stm32f10x_spi.o(i.SPI_I2S_SendData), (4 bytes).
    Removing stm32f10x_spi.o(i.SPI_Init), (60 bytes).
    Removing stm32f10x_spi.o(i.SPI_NSSInternalSoftwareConfig), (30 bytes).
    Removing stm32f10x_spi.o(i.SPI_SSOutputCmd), (24 bytes).
    Removing stm32f10x_spi.o(i.SPI_StructInit), (24 bytes).
    Removing stm32f10x_spi.o(i.SPI_TransmitCRC), (10 bytes).
    Removing stm32f10x_gpio.o(.rev16_text), (4 bytes).
    Removing stm32f10x_gpio.o(.revsh_text), (4 bytes).
    Removing stm32f10x_gpio.o(.rrx_text), (6 bytes).
    Removing stm32f10x_gpio.o(i.GPIO_AFIODeInit), (20 bytes).
    Removing stm32f10x_gpio.o(i.GPIO_ETH_MediaInterfaceConfig), (12 bytes).
    Removing stm32f10x_gpio.o(i.GPIO_EXTILineConfig), (64 bytes).
    Removing stm32f10x_gpio.o(i.GPIO_EventOutputCmd), (12 bytes).
    Removing stm32f10x_gpio.o(i.GPIO_EventOutputConfig), (32 bytes).
    Removing stm32f10x_gpio.o(i.GPIO_PinLockConfig), (18 bytes).
    Removing stm32f10x_gpio.o(i.GPIO_ReadInputData), (8 bytes).
    Removing stm32f10x_gpio.o(i.GPIO_ReadOutputData), (8 bytes).
    Removing stm32f10x_gpio.o(i.GPIO_ReadOutputDataBit), (18 bytes).
    Removing stm32f10x_gpio.o(i.GPIO_StructInit), (16 bytes).
    Removing stm32f10x_gpio.o(i.GPIO_Write), (4 bytes).
    Removing stm32f10x_gpio.o(i.GPIO_WriteBit), (10 bytes).
    Removing stm32f10x_rcc.o(.rev16_text), (4 bytes).
    Removing stm32f10x_rcc.o(.revsh_text), (4 bytes).
    Removing stm32f10x_rcc.o(.rrx_text), (6 bytes).
    Removing stm32f10x_rcc.o(i.RCC_ADCCLKConfig), (24 bytes).
    Removing stm32f10x_rcc.o(i.RCC_AHBPeriphClockCmd), (32 bytes).
    Removing stm32f10x_rcc.o(i.RCC_APB1PeriphResetCmd), (32 bytes).
    Removing stm32f10x_rcc.o(i.RCC_AdjustHSICalibrationValue), (24 bytes).
    Removing stm32f10x_rcc.o(i.RCC_BackupResetCmd), (12 bytes).
    Removing stm32f10x_rcc.o(i.RCC_ClearFlag), (20 bytes).
    Removing stm32f10x_rcc.o(i.RCC_ClearITPendingBit), (12 bytes).
    Removing stm32f10x_rcc.o(i.RCC_ClockSecuritySystemCmd), (12 bytes).
    Removing stm32f10x_rcc.o(i.RCC_DeInit), (76 bytes).
    Removing stm32f10x_rcc.o(i.RCC_GetClocksFreq), (212 bytes).
    Removing stm32f10x_rcc.o(i.RCC_GetFlagStatus), (60 bytes).
    Removing stm32f10x_rcc.o(i.RCC_GetITStatus), (24 bytes).
    Removing stm32f10x_rcc.o(i.RCC_GetSYSCLKSource), (16 bytes).
    Removing stm32f10x_rcc.o(i.RCC_HCLKConfig), (24 bytes).
    Removing stm32f10x_rcc.o(i.RCC_HSEConfig), (76 bytes).
    Removing stm32f10x_rcc.o(i.RCC_HSICmd), (12 bytes).
    Removing stm32f10x_rcc.o(i.RCC_ITConfig), (32 bytes).
    Removing stm32f10x_rcc.o(i.RCC_LSEConfig), (52 bytes).
    Removing stm32f10x_rcc.o(i.RCC_LSICmd), (12 bytes).
    Removing stm32f10x_rcc.o(i.RCC_MCOConfig), (12 bytes).
    Removing stm32f10x_rcc.o(i.RCC_PCLK1Config), (24 bytes).
    Removing stm32f10x_rcc.o(i.RCC_PCLK2Config), (24 bytes).
    Removing stm32f10x_rcc.o(i.RCC_PLLCmd), (12 bytes).
    Removing stm32f10x_rcc.o(i.RCC_PLLConfig), (28 bytes).
    Removing stm32f10x_rcc.o(i.RCC_RTCCLKCmd), (12 bytes).
    Removing stm32f10x_rcc.o(i.RCC_RTCCLKConfig), (16 bytes).
    Removing stm32f10x_rcc.o(i.RCC_SYSCLKConfig), (24 bytes).
    Removing stm32f10x_rcc.o(i.RCC_WaitForHSEStartUp), (56 bytes).
    Removing stm32f10x_rcc.o(.data), (20 bytes).
    Removing stm32f10x_tim.o(.rev16_text), (4 bytes).
    Removing stm32f10x_tim.o(.revsh_text), (4 bytes).
    Removing stm32f10x_tim.o(.rrx_text), (6 bytes).
    Removing stm32f10x_tim.o(i.TI1_Config), (128 bytes).
    Removing stm32f10x_tim.o(i.TI2_Config), (152 bytes).
    Removing stm32f10x_tim.o(i.TI3_Config), (144 bytes).
    Removing stm32f10x_tim.o(i.TI4_Config), (152 bytes).
    Removing stm32f10x_tim.o(i.TIM_ARRPreloadConfig), (24 bytes).
    Removing stm32f10x_tim.o(i.TIM_BDTRConfig), (32 bytes).
    Removing stm32f10x_tim.o(i.TIM_BDTRStructInit), (18 bytes).
    Removing stm32f10x_tim.o(i.TIM_CCPreloadControl), (24 bytes).
    Removing stm32f10x_tim.o(i.TIM_CCxCmd), (30 bytes).
    Removing stm32f10x_tim.o(i.TIM_CCxNCmd), (30 bytes).
    Removing stm32f10x_tim.o(i.TIM_ClearFlag), (6 bytes).
    Removing stm32f10x_tim.o(i.TIM_ClearITPendingBit), (6 bytes).
    Removing stm32f10x_tim.o(i.TIM_ClearOC1Ref), (18 bytes).
    Removing stm32f10x_tim.o(i.TIM_ClearOC2Ref), (24 bytes).
    Removing stm32f10x_tim.o(i.TIM_ClearOC3Ref), (18 bytes).
    Removing stm32f10x_tim.o(i.TIM_ClearOC4Ref), (24 bytes).
    Removing stm32f10x_tim.o(i.TIM_Cmd), (24 bytes).
    Removing stm32f10x_tim.o(i.TIM_CounterModeConfig), (18 bytes).
    Removing stm32f10x_tim.o(i.TIM_CtrlPWMOutputs), (30 bytes).
    Removing stm32f10x_tim.o(i.TIM_DMACmd), (18 bytes).
    Removing stm32f10x_tim.o(i.TIM_DMAConfig), (10 bytes).
    Removing stm32f10x_tim.o(i.TIM_DeInit), (488 bytes).
    Removing stm32f10x_tim.o(i.TIM_ETRClockMode1Config), (54 bytes).
    Removing stm32f10x_tim.o(i.TIM_ETRClockMode2Config), (32 bytes).
    Removing stm32f10x_tim.o(i.TIM_ETRConfig), (28 bytes).
    Removing stm32f10x_tim.o(i.TIM_EncoderInterfaceConfig), (66 bytes).
    Removing stm32f10x_tim.o(i.TIM_ForcedOC1Config), (18 bytes).
    Removing stm32f10x_tim.o(i.TIM_ForcedOC2Config), (26 bytes).
    Removing stm32f10x_tim.o(i.TIM_ForcedOC3Config), (18 bytes).
    Removing stm32f10x_tim.o(i.TIM_ForcedOC4Config), (26 bytes).
    Removing stm32f10x_tim.o(i.TIM_GenerateEvent), (4 bytes).
    Removing stm32f10x_tim.o(i.TIM_GetCapture1), (6 bytes).
    Removing stm32f10x_tim.o(i.TIM_GetCapture2), (6 bytes).
    Removing stm32f10x_tim.o(i.TIM_GetCapture3), (6 bytes).
    Removing stm32f10x_tim.o(i.TIM_GetCapture4), (8 bytes).
    Removing stm32f10x_tim.o(i.TIM_GetCounter), (6 bytes).
    Removing stm32f10x_tim.o(i.TIM_GetFlagStatus), (18 bytes).
    Removing stm32f10x_tim.o(i.TIM_GetITStatus), (34 bytes).
    Removing stm32f10x_tim.o(i.TIM_GetPrescaler), (6 bytes).
    Removing stm32f10x_tim.o(i.TIM_ICInit), (172 bytes).
    Removing stm32f10x_tim.o(i.TIM_ICStructInit), (18 bytes).
    Removing stm32f10x_tim.o(i.TIM_ITConfig), (18 bytes).
    Removing stm32f10x_tim.o(i.TIM_ITRxExternalClockConfig), (24 bytes).
    Removing stm32f10x_tim.o(i.TIM_InternalClockConfig), (12 bytes).
    Removing stm32f10x_tim.o(i.TIM_OC1FastConfig), (18 bytes).
    Removing stm32f10x_tim.o(i.TIM_OC1Init), (152 bytes).
    Removing stm32f10x_tim.o(i.TIM_OC1NPolarityConfig), (18 bytes).
    Removing stm32f10x_tim.o(i.TIM_OC1PolarityConfig), (18 bytes).
    Removing stm32f10x_tim.o(i.TIM_OC1PreloadConfig), (18 bytes).
    Removing stm32f10x_tim.o(i.TIM_OC2FastConfig), (26 bytes).
    Removing stm32f10x_tim.o(i.TIM_OC2Init), (164 bytes).
    Removing stm32f10x_tim.o(i.TIM_OC2NPolarityConfig), (26 bytes).
    Removing stm32f10x_tim.o(i.TIM_OC2PolarityConfig), (26 bytes).
    Removing stm32f10x_tim.o(i.TIM_OC2PreloadConfig), (26 bytes).
    Removing stm32f10x_tim.o(i.TIM_OC3FastConfig), (18 bytes).
    Removing stm32f10x_tim.o(i.TIM_OC3Init), (160 bytes).
    Removing stm32f10x_tim.o(i.TIM_OC3NPolarityConfig), (26 bytes).
    Removing stm32f10x_tim.o(i.TIM_OC3PolarityConfig), (26 bytes).
    Removing stm32f10x_tim.o(i.TIM_OC3PreloadConfig), (18 bytes).
    Removing stm32f10x_tim.o(i.TIM_OC4FastConfig), (26 bytes).
    Removing stm32f10x_tim.o(i.TIM_OC4Init), (124 bytes).
    Removing stm32f10x_tim.o(i.TIM_OC4PolarityConfig), (26 bytes).
    Removing stm32f10x_tim.o(i.TIM_OC4PreloadConfig), (26 bytes).
    Removing stm32f10x_tim.o(i.TIM_OCStructInit), (20 bytes).
    Removing stm32f10x_tim.o(i.TIM_PWMIConfig), (124 bytes).
    Removing stm32f10x_tim.o(i.TIM_PrescalerConfig), (6 bytes).
    Removing stm32f10x_tim.o(i.TIM_SelectCCDMA), (24 bytes).
    Removing stm32f10x_tim.o(i.TIM_SelectCOM), (24 bytes).
    Removing stm32f10x_tim.o(i.TIM_SelectHallSensor), (24 bytes).
    Removing stm32f10x_tim.o(i.TIM_SelectInputTrigger), (18 bytes).
    Removing stm32f10x_tim.o(i.TIM_SelectMasterSlaveMode), (18 bytes).
    Removing stm32f10x_tim.o(i.TIM_SelectOCxM), (82 bytes).
    Removing stm32f10x_tim.o(i.TIM_SelectOnePulseMode), (18 bytes).
    Removing stm32f10x_tim.o(i.TIM_SelectOutputTrigger), (18 bytes).
    Removing stm32f10x_tim.o(i.TIM_SelectSlaveMode), (18 bytes).
    Removing stm32f10x_tim.o(i.TIM_SetAutoreload), (4 bytes).
    Removing stm32f10x_tim.o(i.TIM_SetClockDivision), (18 bytes).
    Removing stm32f10x_tim.o(i.TIM_SetCompare1), (4 bytes).
    Removing stm32f10x_tim.o(i.TIM_SetCompare2), (4 bytes).
    Removing stm32f10x_tim.o(i.TIM_SetCompare3), (4 bytes).
    Removing stm32f10x_tim.o(i.TIM_SetCompare4), (6 bytes).
    Removing stm32f10x_tim.o(i.TIM_SetCounter), (4 bytes).
    Removing stm32f10x_tim.o(i.TIM_SetIC1Prescaler), (18 bytes).
    Removing stm32f10x_tim.o(i.TIM_SetIC2Prescaler), (26 bytes).
    Removing stm32f10x_tim.o(i.TIM_SetIC3Prescaler), (18 bytes).
    Removing stm32f10x_tim.o(i.TIM_SetIC4Prescaler), (26 bytes).
    Removing stm32f10x_tim.o(i.TIM_TIxExternalClockConfig), (62 bytes).
    Removing stm32f10x_tim.o(i.TIM_TimeBaseInit), (164 bytes).
    Removing stm32f10x_tim.o(i.TIM_TimeBaseStructInit), (18 bytes).
    Removing stm32f10x_tim.o(i.TIM_UpdateDisableConfig), (24 bytes).
    Removing stm32f10x_tim.o(i.TIM_UpdateRequestConfig), (24 bytes).
    Removing stm32f10x_dma.o(.rev16_text), (4 bytes).
    Removing stm32f10x_dma.o(.revsh_text), (4 bytes).
    Removing stm32f10x_dma.o(.rrx_text), (6 bytes).
    Removing stm32f10x_dma.o(i.DMA_ClearFlag), (28 bytes).
    Removing stm32f10x_dma.o(i.DMA_ClearITPendingBit), (28 bytes).
    Removing stm32f10x_dma.o(i.DMA_Cmd), (24 bytes).
    Removing stm32f10x_dma.o(i.DMA_DeInit), (332 bytes).
    Removing stm32f10x_dma.o(i.DMA_GetCurrDataCounter), (8 bytes).
    Removing stm32f10x_dma.o(i.DMA_GetFlagStatus), (44 bytes).
    Removing stm32f10x_dma.o(i.DMA_GetITStatus), (44 bytes).
    Removing stm32f10x_dma.o(i.DMA_ITConfig), (18 bytes).
    Removing stm32f10x_dma.o(i.DMA_Init), (60 bytes).
    Removing stm32f10x_dma.o(i.DMA_SetCurrDataCounter), (4 bytes).
    Removing stm32f10x_dma.o(i.DMA_StructInit), (26 bytes).
    Removing stm32f10x_pwr.o(.rev16_text), (4 bytes).
    Removing stm32f10x_pwr.o(.revsh_text), (4 bytes).
    Removing stm32f10x_pwr.o(.rrx_text), (6 bytes).
    Removing stm32f10x_pwr.o(i.PWR_BackupAccessCmd), (12 bytes).
    Removing stm32f10x_pwr.o(i.PWR_ClearFlag), (20 bytes).
    Removing stm32f10x_pwr.o(i.PWR_DeInit), (22 bytes).
    Removing stm32f10x_pwr.o(i.PWR_EnterSTANDBYMode), (52 bytes).
    Removing stm32f10x_pwr.o(i.PWR_EnterSTOPMode), (64 bytes).
    Removing stm32f10x_pwr.o(i.PWR_GetFlagStatus), (24 bytes).
    Removing stm32f10x_pwr.o(i.PWR_PVDCmd), (12 bytes).
    Removing stm32f10x_pwr.o(i.PWR_PVDLevelConfig), (24 bytes).
    Removing stm32f10x_pwr.o(i.PWR_WakeUpPinCmd), (12 bytes).

319 unused section(s) (total 9978 bytes) removed from the image.

==============================================================================

Image Symbol Table

    Local Symbols

    Symbol Name                              Value     Ov Type        Size  Object(Section)

    ../clib/../cmprslib/zerorunl2.c          0x00000000   Number         0  __dczerorl2.o ABSOLUTE
    ../clib/microlib/init/entry.s            0x00000000   Number         0  entry11a.o ABSOLUTE
    ../clib/microlib/init/entry.s            0x00000000   Number         0  entry9b.o ABSOLUTE
    ../clib/microlib/init/entry.s            0x00000000   Number         0  entry10a.o ABSOLUTE
    ../clib/microlib/init/entry.s            0x00000000   Number         0  entry5.o ABSOLUTE
    ../clib/microlib/init/entry.s            0x00000000   Number         0  entry10b.o ABSOLUTE
    ../clib/microlib/init/entry.s            0x00000000   Number         0  entry2.o ABSOLUTE
    ../clib/microlib/init/entry.s            0x00000000   Number         0  entry11b.o ABSOLUTE
    ../clib/microlib/init/entry.s            0x00000000   Number         0  entry7a.o ABSOLUTE
    ../clib/microlib/init/entry.s            0x00000000   Number         0  entry7b.o ABSOLUTE
    ../clib/microlib/init/entry.s            0x00000000   Number         0  entry8a.o ABSOLUTE
    ../clib/microlib/init/entry.s            0x00000000   Number         0  entry9a.o ABSOLUTE
    ../clib/microlib/init/entry.s            0x00000000   Number         0  entry.o ABSOLUTE
    ../clib/microlib/init/entry.s            0x00000000   Number         0  entry8b.o ABSOLUTE
    ../clib/microlib/string/memcpy.c         0x00000000   Number         0  memcpyb.o ABSOLUTE
    ../clib/microlib/string/memcpy.c         0x00000000   Number         0  memcpya.o ABSOLUTE
    ..\..\Libraries\STM32F10x_StdPeriph_Driver\src\misc.c 0x00000000   Number         0  misc.o ABSOLUTE
    ..\..\Libraries\STM32F10x_StdPeriph_Driver\src\stm32f10x_dma.c 0x00000000   Number         0  stm32f10x_dma.o ABSOLUTE
    ..\..\Libraries\STM32F10x_StdPeriph_Driver\src\stm32f10x_exti.c 0x00000000   Number         0  stm32f10x_exti.o ABSOLUTE
    ..\..\Libraries\STM32F10x_StdPeriph_Driver\src\stm32f10x_gpio.c 0x00000000   Number         0  stm32f10x_gpio.o ABSOLUTE
    ..\..\Libraries\STM32F10x_StdPeriph_Driver\src\stm32f10x_pwr.c 0x00000000   Number         0  stm32f10x_pwr.o ABSOLUTE
    ..\..\Libraries\STM32F10x_StdPeriph_Driver\src\stm32f10x_rcc.c 0x00000000   Number         0  stm32f10x_rcc.o ABSOLUTE
    ..\..\Libraries\STM32F10x_StdPeriph_Driver\src\stm32f10x_spi.c 0x00000000   Number         0  stm32f10x_spi.o ABSOLUTE
    ..\..\Libraries\STM32F10x_StdPeriph_Driver\src\stm32f10x_tim.c 0x00000000   Number         0  stm32f10x_tim.o ABSOLUTE
    ..\..\Libraries\STM32_USB-FS-Device_Driver\src\usb_core.c 0x00000000   Number         0  usb_core.o ABSOLUTE
    ..\..\Libraries\STM32_USB-FS-Device_Driver\src\usb_init.c 0x00000000   Number         0  usb_init.o ABSOLUTE
    ..\..\Libraries\STM32_USB-FS-Device_Driver\src\usb_int.c 0x00000000   Number         0  usb_int.o ABSOLUTE
    ..\..\Libraries\STM32_USB-FS-Device_Driver\src\usb_mem.c 0x00000000   Number         0  usb_mem.o ABSOLUTE
    ..\..\Libraries\STM32_USB-FS-Device_Driver\src\usb_regs.c 0x00000000   Number         0  usb_regs.o ABSOLUTE
    ..\..\Libraries\STM32_USB-FS-Device_Driver\src\usb_sil.c 0x00000000   Number         0  usb_sil.o ABSOLUTE
    ..\\..\\Libraries\\STM32F10x_StdPeriph_Driver\\src\\misc.c 0x00000000   Number         0  misc.o ABSOLUTE
    ..\\..\\Libraries\\STM32F10x_StdPeriph_Driver\\src\\stm32f10x_dma.c 0x00000000   Number         0  stm32f10x_dma.o ABSOLUTE
    ..\\..\\Libraries\\STM32F10x_StdPeriph_Driver\\src\\stm32f10x_exti.c 0x00000000   Number         0  stm32f10x_exti.o ABSOLUTE
    ..\\..\\Libraries\\STM32F10x_StdPeriph_Driver\\src\\stm32f10x_gpio.c 0x00000000   Number         0  stm32f10x_gpio.o ABSOLUTE
    ..\\..\\Libraries\\STM32F10x_StdPeriph_Driver\\src\\stm32f10x_pwr.c 0x00000000   Number         0  stm32f10x_pwr.o ABSOLUTE
    ..\\..\\Libraries\\STM32F10x_StdPeriph_Driver\\src\\stm32f10x_rcc.c 0x00000000   Number         0  stm32f10x_rcc.o ABSOLUTE
    ..\\..\\Libraries\\STM32F10x_StdPeriph_Driver\\src\\stm32f10x_spi.c 0x00000000   Number         0  stm32f10x_spi.o ABSOLUTE
    ..\\..\\Libraries\\STM32F10x_StdPeriph_Driver\\src\\stm32f10x_tim.c 0x00000000   Number         0  stm32f10x_tim.o ABSOLUTE
    ..\\..\\Libraries\\STM32_USB-FS-Device_Driver\\src\\usb_core.c 0x00000000   Number         0  usb_core.o ABSOLUTE
    ..\\..\\Libraries\\STM32_USB-FS-Device_Driver\\src\\usb_init.c 0x00000000   Number         0  usb_init.o ABSOLUTE
    ..\\..\\Libraries\\STM32_USB-FS-Device_Driver\\src\\usb_int.c 0x00000000   Number         0  usb_int.o ABSOLUTE
    ..\\..\\Libraries\\STM32_USB-FS-Device_Driver\\src\\usb_mem.c 0x00000000   Number         0  usb_mem.o ABSOLUTE
    ..\\..\\Libraries\\STM32_USB-FS-Device_Driver\\src\\usb_regs.c 0x00000000   Number         0  usb_regs.o ABSOLUTE
    ..\\..\\Libraries\\STM32_USB-FS-Device_Driver\\src\\usb_sil.c 0x00000000   Number         0  usb_sil.o ABSOLUTE
    ..\\drv\\led.c                           0x00000000   Number         0  led.o ABSOLUTE
    ..\\drv\\timebase.c                      0x00000000   Number         0  timebase.o ABSOLUTE
    ..\\src\\blaster.c                       0x00000000   Number         0  blaster.o ABSOLUTE
    ..\\src\\blaster_port.c                  0x00000000   Number         0  blaster_port.o ABSOLUTE
    ..\\src\\ft245rom.c                      0x00000000   Number         0  ft245rom.o ABSOLUTE
    ..\\src\\main.c                          0x00000000   Number         0  main.o ABSOLUTE
    ..\\src\\ringbuf.c                       0x00000000   Number         0  ringbuf.o ABSOLUTE
    ..\\sys\\stm32_it.c                      0x00000000   Number         0  stm32_it.o ABSOLUTE
    ..\\sys\\system_stm32f10x.c              0x00000000   Number         0  system_stm32f10x.o ABSOLUTE
    ..\\usb\\hw_config.c                     0x00000000   Number         0  hw_config.o ABSOLUTE
    ..\\usb\\usb_desc.c                      0x00000000   Number         0  usb_desc.o ABSOLUTE
    ..\\usb\\usb_endp.c                      0x00000000   Number         0  usb_endp.o ABSOLUTE
    ..\\usb\\usb_istr.c                      0x00000000   Number         0  usb_istr.o ABSOLUTE
    ..\\usb\\usb_prop.c                      0x00000000   Number         0  usb_prop.o ABSOLUTE
    ..\\usb\\usb_pwr.c                       0x00000000   Number         0  usb_pwr.o ABSOLUTE
    ..\drv\led.c                             0x00000000   Number         0  led.o ABSOLUTE
    ..\drv\timebase.c                        0x00000000   Number         0  timebase.o ABSOLUTE
    ..\src\blaster.c                         0x00000000   Number         0  blaster.o ABSOLUTE
    ..\src\blaster_port.c                    0x00000000   Number         0  blaster_port.o ABSOLUTE
    ..\src\ft245rom.c                        0x00000000   Number         0  ft245rom.o ABSOLUTE
    ..\src\main.c                            0x00000000   Number         0  main.o ABSOLUTE
    ..\src\ringbuf.c                         0x00000000   Number         0  ringbuf.o ABSOLUTE
    ..\sys\startup_stm32f10x_md.s            0x00000000   Number         0  startup_stm32f10x_md.o ABSOLUTE
    ..\sys\stm32_it.c                        0x00000000   Number         0  stm32_it.o ABSOLUTE
    ..\sys\system_stm32f10x.c                0x00000000   Number         0  system_stm32f10x.o ABSOLUTE
    ..\usb\hw_config.c                       0x00000000   Number         0  hw_config.o ABSOLUTE
    ..\usb\usb_desc.c                        0x00000000   Number         0  usb_desc.o ABSOLUTE
    ..\usb\usb_endp.c                        0x00000000   Number         0  usb_endp.o ABSOLUTE
    ..\usb\usb_istr.c                        0x00000000   Number         0  usb_istr.o ABSOLUTE
    ..\usb\usb_prop.c                        0x00000000   Number         0  usb_prop.o ABSOLUTE
    ..\usb\usb_pwr.c                         0x00000000   Number         0  usb_pwr.o ABSOLUTE
    dc.s                                     0x00000000   Number         0  dc.o ABSOLUTE
    handlers.s                               0x00000000   Number         0  handlers.o ABSOLUTE
    init.s                                   0x00000000   Number         0  init.o ABSOLUTE
    RESET                                    0x08000000   Section      236  startup_stm32f10x_md.o(RESET)
    .ARM.Collect$$$$00000000                 0x080000ec   Section        0  entry.o(.ARM.Collect$$$$00000000)
    .ARM.Collect$$$$00000001                 0x080000ec   Section        4  entry2.o(.ARM.Collect$$$$00000001)
    .ARM.Collect$$$$00000004                 0x080000f0   Section        4  entry5.o(.ARM.Collect$$$$00000004)
    .ARM.Collect$$$$00000008                 0x080000f4   Section        0  entry7b.o(.ARM.Collect$$$$00000008)
    .ARM.Collect$$$$0000000A                 0x080000f4   Section        0  entry8b.o(.ARM.Collect$$$$0000000A)
    .ARM.Collect$$$$0000000B                 0x080000f4   Section        8  entry9a.o(.ARM.Collect$$$$0000000B)
    .ARM.Collect$$$$0000000D                 0x080000fc   Section        0  entry10a.o(.ARM.Collect$$$$0000000D)
    .ARM.Collect$$$$0000000F                 0x080000fc   Section        0  entry11a.o(.ARM.Collect$$$$0000000F)
    .ARM.Collect$$$$00002712                 0x080000fc   Section        4  entry2.o(.ARM.Collect$$$$00002712)
    __lit__00000000                          0x080000fc   Data           4  entry2.o(.ARM.Collect$$$$00002712)
    .text                                    0x08000100   Section       36  startup_stm32f10x_md.o(.text)
    .text                                    0x08000124   Section        0  memcpya.o(.text)
    .text                                    0x08000148   Section       36  init.o(.text)
    .text                                    0x0800016c   Section        0  __dczerorl2.o(.text)
    i.Blaster_Data_Setup                     0x080001c4   Section        0  usb_prop.o(i.Blaster_Data_Setup)
    i.Blaster_GetConfigDescriptor            0x08000258   Section        0  usb_prop.o(i.Blaster_GetConfigDescriptor)
    i.Blaster_GetDeviceDescriptor            0x0800026c   Section        0  usb_prop.o(i.Blaster_GetDeviceDescriptor)
    i.Blaster_GetStringDescriptor            0x08000280   Section        0  usb_prop.o(i.Blaster_GetStringDescriptor)
    i.Blaster_Get_Interface_Setting          0x080002a8   Section        0  usb_prop.o(i.Blaster_Get_Interface_Setting)
    i.Blaster_Get_VendorData                 0x080002c0   Section        0  usb_prop.o(i.Blaster_Get_VendorData)
    i.Blaster_Init                           0x080002dc   Section        0  usb_prop.o(i.Blaster_Init)
    i.Blaster_NoData_Setup                   0x08000308   Section        0  usb_prop.o(i.Blaster_NoData_Setup)
    i.Blaster_Reset                          0x08000340   Section        0  usb_prop.o(i.Blaster_Reset)
    i.Blaster_SetConfiguration               0x0800043c   Section        0  usb_prop.o(i.Blaster_SetConfiguration)
    i.Blaster_SetDeviceAddress               0x08000454   Section        0  usb_prop.o(i.Blaster_SetDeviceAddress)
    i.Blaster_Status_In                      0x08000460   Section        0  usb_prop.o(i.Blaster_Status_In)
    i.Blaster_Status_Out                     0x08000462   Section        0  usb_prop.o(i.Blaster_Status_Out)
    i.BusFault_Handler                       0x08000464   Section        0  stm32_it.o(i.BusFault_Handler)
    i.ByteSwap                               0x08000468   Section        0  usb_regs.o(i.ByteSwap)
    i.CTR_HP                                 0x08000474   Section        0  usb_int.o(i.CTR_HP)
    i.CTR_LP                                 0x0800053c   Section        0  usb_int.o(i.CTR_LP)
    i.ClearDTOG_RX                           0x080007c4   Section        0  usb_regs.o(i.ClearDTOG_RX)
    i.ClearDTOG_TX                           0x080007f8   Section        0  usb_regs.o(i.ClearDTOG_TX)
    i.Clear_Status_Out                       0x0800082c   Section        0  usb_regs.o(i.Clear_Status_Out)
    i.DataStageIn                            0x08000854   Section        0  usb_core.o(i.DataStageIn)
    DataStageIn                              0x08000855   Thumb Code   166  usb_core.o(i.DataStageIn)
    i.DataStageOut                           0x08000914   Section        0  usb_core.o(i.DataStageOut)
    DataStageOut                             0x08000915   Thumb Code   166  usb_core.o(i.DataStageOut)
    i.Data_Setup0                            0x080009d0   Section        0  usb_core.o(i.Data_Setup0)
    Data_Setup0                              0x080009d1   Thumb Code   628  usb_core.o(i.Data_Setup0)
    i.DebugMon_Handler                       0x08000c68   Section        0  stm32_it.o(i.DebugMon_Handler)
    i.EP1_IN_Callback                        0x08000c6c   Section        0  usb_endp.o(i.EP1_IN_Callback)
    i.EP2_OUT_Callback                       0x08000c78   Section        0  usb_endp.o(i.EP2_OUT_Callback)
    i.EXTI_ClearITPendingBit                 0x08000c84   Section        0  stm32f10x_exti.o(i.EXTI_ClearITPendingBit)
    i.EXTI_Init                              0x08000c90   Section        0  stm32f10x_exti.o(i.EXTI_Init)
    i.FreeUserBuffer                         0x08000d24   Section        0  usb_regs.o(i.FreeUserBuffer)
    i.GPIO_DeInit                            0x08000d78   Section        0  stm32f10x_gpio.o(i.GPIO_DeInit)
    i.GPIO_Init                              0x08000e40   Section        0  stm32f10x_gpio.o(i.GPIO_Init)
    i.GPIO_PinRemapConfig                    0x08000f58   Section        0  stm32f10x_gpio.o(i.GPIO_PinRemapConfig)
    i.GPIO_ReadInputDataBit                  0x08000fe8   Section        0  stm32f10x_gpio.o(i.GPIO_ReadInputDataBit)
    i.GPIO_ResetBits                         0x08000ffa   Section        0  stm32f10x_gpio.o(i.GPIO_ResetBits)
    i.GPIO_SetBits                           0x08000ffe   Section        0  stm32f10x_gpio.o(i.GPIO_SetBits)
    i.GetENDPOINT                            0x08001004   Section        0  usb_regs.o(i.GetENDPOINT)
    i.GetEPDblBuf0Count                      0x08001018   Section        0  usb_regs.o(i.GetEPDblBuf0Count)
    i.GetEPDblBuf1Count                      0x0800103c   Section        0  usb_regs.o(i.GetEPDblBuf1Count)
    i.GetEPRxAddr                            0x08001060   Section        0  usb_regs.o(i.GetEPRxAddr)
    i.GetEPTxAddr                            0x08001080   Section        0  usb_regs.o(i.GetEPTxAddr)
    i.Get_SerialNum                          0x080010a0   Section        0  hw_config.o(i.Get_SerialNum)
    i.HardFault_Handler                      0x080010c8   Section        0  stm32_it.o(i.HardFault_Handler)
    i.In0_Process                            0x080010cc   Section        0  usb_core.o(i.In0_Process)
    i.IntToUnicode                           0x0800113c   Section        0  hw_config.o(i.IntToUnicode)
    IntToUnicode                             0x0800113d   Thumb Code    62  hw_config.o(i.IntToUnicode)
    i.MemManage_Handler                      0x0800117a   Section        0  stm32_it.o(i.MemManage_Handler)
    i.NMI_Handler                            0x0800117e   Section        0  stm32_it.o(i.NMI_Handler)
    i.NOP_Process                            0x08001180   Section        0  usb_core.o(i.NOP_Process)
    i.NVIC_Init                              0x08001184   Section        0  misc.o(i.NVIC_Init)
    i.NVIC_PriorityGroupConfig               0x080011f4   Section        0  misc.o(i.NVIC_PriorityGroupConfig)
    i.NVIC_SetPriority                       0x08001208   Section        0  timebase.o(i.NVIC_SetPriority)
    NVIC_SetPriority                         0x08001209   Thumb Code    32  timebase.o(i.NVIC_SetPriority)
    i.NoData_Setup0                          0x08001230   Section        0  usb_core.o(i.NoData_Setup0)
    NoData_Setup0                            0x08001231   Thumb Code   290  usb_core.o(i.NoData_Setup0)
    i.Out0_Process                           0x08001368   Section        0  usb_core.o(i.Out0_Process)
    i.PMAToUserBufferCopy                    0x080013b8   Section        0  usb_mem.o(i.PMAToUserBufferCopy)
    i.PendSV_Handler                         0x080013e0   Section        0  stm32_it.o(i.PendSV_Handler)
    i.Post0_Process                          0x080013e4   Section        0  usb_core.o(i.Post0_Process)
    i.PowerOn                                0x0800142c   Section        0  usb_pwr.o(i.PowerOn)
    i.RCC_APB1PeriphClockCmd                 0x0800146c   Section        0  stm32f10x_rcc.o(i.RCC_APB1PeriphClockCmd)
    i.RCC_APB2PeriphClockCmd                 0x0800148c   Section        0  stm32f10x_rcc.o(i.RCC_APB2PeriphClockCmd)
    i.RCC_APB2PeriphResetCmd                 0x080014ac   Section        0  stm32f10x_rcc.o(i.RCC_APB2PeriphResetCmd)
    i.RCC_USBCLKConfig                       0x080014cc   Section        0  stm32f10x_rcc.o(i.RCC_USBCLKConfig)
    i.SVC_Handler                            0x080014d8   Section        0  stm32_it.o(i.SVC_Handler)
    i.SetBTABLE                              0x080014dc   Section        0  usb_regs.o(i.SetBTABLE)
    i.SetDeviceAddress                       0x080014ec   Section        0  usb_core.o(i.SetDeviceAddress)
    i.SetEPDblBuffAddr                       0x0800153c   Section        0  usb_regs.o(i.SetEPDblBuffAddr)
    i.SetEPDblBuffCount                      0x08001570   Section        0  usb_regs.o(i.SetEPDblBuffCount)
    i.SetEPDoubleBuff                        0x08001634   Section        0  usb_regs.o(i.SetEPDoubleBuff)
    i.SetEPRxAddr                            0x08001660   Section        0  usb_regs.o(i.SetEPRxAddr)
    i.SetEPRxCount                           0x08001684   Section        0  usb_regs.o(i.SetEPRxCount)
    i.SetEPRxStatus                          0x080016d0   Section        0  usb_regs.o(i.SetEPRxStatus)
    i.SetEPRxValid                           0x08001710   Section        0  usb_regs.o(i.SetEPRxValid)
    i.SetEPTxAddr                            0x08001744   Section        0  usb_regs.o(i.SetEPTxAddr)
    i.SetEPTxCount                           0x08001764   Section        0  usb_regs.o(i.SetEPTxCount)
    i.SetEPTxStatus                          0x08001780   Section        0  usb_regs.o(i.SetEPTxStatus)
    i.SetEPTxValid                           0x080017c0   Section        0  usb_regs.o(i.SetEPTxValid)
    i.SetEPType                              0x080017f4   Section        0  usb_regs.o(i.SetEPType)
    i.SetSysClock                            0x08001818   Section        0  system_stm32f10x.o(i.SetSysClock)
    SetSysClock                              0x08001819   Thumb Code     8  system_stm32f10x.o(i.SetSysClock)
    i.SetSysClockTo72                        0x08001820   Section        0  system_stm32f10x.o(i.SetSysClockTo72)
    SetSysClockTo72                          0x08001821   Thumb Code   214  system_stm32f10x.o(i.SetSysClockTo72)
    i.Setup0_Process                         0x08001900   Section        0  usb_core.o(i.Setup0_Process)
    i.Standard_ClearFeature                  0x080019b8   Section        0  usb_core.o(i.Standard_ClearFeature)
    i.Standard_GetConfiguration              0x08001b24   Section        0  usb_core.o(i.Standard_GetConfiguration)
    i.Standard_GetDescriptorData             0x08001b50   Section        0  usb_core.o(i.Standard_GetDescriptorData)
    i.Standard_GetInterface                  0x08001b74   Section        0  usb_core.o(i.Standard_GetInterface)
    i.Standard_GetStatus                     0x08001ba0   Section        0  usb_core.o(i.Standard_GetStatus)
    i.Standard_SetConfiguration              0x08001ca0   Section        0  usb_core.o(i.Standard_SetConfiguration)
    i.Standard_SetDeviceFeature              0x08001ce8   Section        0  usb_core.o(i.Standard_SetDeviceFeature)
    i.Standard_SetEndPointFeature            0x08001d10   Section        0  usb_core.o(i.Standard_SetEndPointFeature)
    i.Standard_SetInterface                  0x08001de0   Section        0  usb_core.o(i.Standard_SetInterface)
    i.SysTick_Handler                        0x08001e4c   Section        0  timebase.o(i.SysTick_Handler)
    i.SystemInit                             0x08001e5c   Section        0  system_stm32f10x.o(i.SystemInit)
    i.ToggleDTOG_TX                          0x08001ebc   Section        0  usb_regs.o(i.ToggleDTOG_TX)
    i.USBWakeUp_IRQHandler                   0x08001ee4   Section        0  stm32_it.o(i.USBWakeUp_IRQHandler)
    i.USB_Cable_Ctrl                         0x08001ef0   Section        0  hw_config.o(i.USB_Cable_Ctrl)
    i.USB_Clock_Config                       0x08001f10   Section        0  hw_config.o(i.USB_Clock_Config)
    i.USB_EXTI_Config                        0x08001f22   Section        0  hw_config.o(i.USB_EXTI_Config)
    i.USB_GPIO_Config                        0x08001f48   Section        0  hw_config.o(i.USB_GPIO_Config)
    i.USB_HP_CAN1_TX_IRQHandler              0x08001f74   Section        0  stm32_it.o(i.USB_HP_CAN1_TX_IRQHandler)
    i.USB_HW_Config                          0x08001f7c   Section        0  hw_config.o(i.USB_HW_Config)
    i.USB_Init                               0x08001f90   Section        0  usb_init.o(i.USB_Init)
    i.USB_Interrupts_Config                  0x08001fcc   Section        0  hw_config.o(i.USB_Interrupts_Config)
    i.USB_Istr                               0x08002008   Section        0  usb_istr.o(i.USB_Istr)
    i.USB_LP_CAN1_RX0_IRQHandler             0x08002058   Section        0  stm32_it.o(i.USB_LP_CAN1_RX0_IRQHandler)
    i.USB_SIL_Init                           0x08002060   Section        0  usb_sil.o(i.USB_SIL_Init)
    i.USB_SIL_Write                          0x08002084   Section        0  usb_sil.o(i.USB_SIL_Write)
    i.UsageFault_Handler                     0x080020b2   Section        0  stm32_it.o(i.UsageFault_Handler)
    i.UserToPMABufferCopy                    0x080020b8   Section        0  usb_mem.o(i.UserToPMABufferCopy)
    i.__scatterload_copy                     0x080020f0   Section       14  handlers.o(i.__scatterload_copy)
    i.__scatterload_null                     0x080020fe   Section        2  handlers.o(i.__scatterload_null)
    i.__scatterload_zeroinit                 0x08002100   Section       14  handlers.o(i.__scatterload_zeroinit)
    i.blaster_exec                           0x0800210e   Section        0  blaster.o(i.blaster_exec)
    i.blaster_init                           0x08002120   Section        0  blaster.o(i.blaster_init)
    i.blaster_ioproc                         0x0800219c   Section        0  blaster.o(i.blaster_ioproc)
    blaster_ioproc                           0x0800219d   Thumb Code   176  blaster.o(i.blaster_ioproc)
    i.blaster_usbrecv                        0x08002268   Section        0  blaster.o(i.blaster_usbrecv)
    blaster_usbrecv                          0x08002269   Thumb Code   104  blaster.o(i.blaster_usbrecv)
    i.blaster_usbsend                        0x080022e0   Section        0  blaster.o(i.blaster_usbsend)
    blaster_usbsend                          0x080022e1   Thumb Code   104  blaster.o(i.blaster_usbsend)
    i.bport_init                             0x0800235c   Section        0  blaster_port.o(i.bport_init)
    i.bport_shift_io                         0x0800239c   Section        0  blaster_port.o(i.bport_shift_io)
    i.bport_shift_out                        0x0800245c   Section        0  blaster_port.o(i.bport_shift_out)
    i.bport_state_get                        0x080024d8   Section        0  blaster_port.o(i.bport_state_get)
    i.bport_state_set                        0x080024e8   Section        0  blaster_port.o(i.bport_state_set)
    i.delay_ms                               0x08002510   Section        0  timebase.o(i.delay_ms)
    i.delay_us                               0x08002528   Section        0  timebase.o(i.delay_us)
    i.ft245rom_checksum                      0x08002540   Section        0  ft245rom.o(i.ft245rom_checksum)
    i.ft245rom_init                          0x0800256c   Section        0  ft245rom.o(i.ft245rom_init)
    i.ft245rom_read                          0x080026c8   Section        0  ft245rom.o(i.ft245rom_read)
    i.key_is_pressed                         0x080026e0   Section        0  main.o(i.key_is_pressed)
    i.led_flash                              0x08002738   Section        0  led.o(i.led_flash)
    i.led_gpio_config                        0x08002784   Section        0  led.o(i.led_gpio_config)
    led_gpio_config                          0x08002785   Thumb Code    38  led.o(i.led_gpio_config)
    i.led_init                               0x080027b0   Section        0  led.o(i.led_init)
    i.led_update                             0x080027d8   Section        0  led.o(i.led_update)
    i.main                                   0x08002874   Section        0  main.o(i.main)
    i.micros                                 0x080028c8   Section        0  timebase.o(i.micros)
    i.millis                                 0x08002904   Section        0  timebase.o(i.millis)
    i.ringbuf_get                            0x08002910   Section        0  ringbuf.o(i.ringbuf_get)
    i.ringbuf_init                           0x0800298c   Section        0  ringbuf.o(i.ringbuf_init)
    i.ringbuf_is_full                        0x080029b0   Section        0  ringbuf.o(i.ringbuf_is_full)
    i.ringbuf_putc                           0x080029c6   Section        0  ringbuf.o(i.ringbuf_putc)
    i.ringbuf_use_len                        0x080029ee   Section        0  ringbuf.o(i.ringbuf_use_len)
    i.timebase_init                          0x080029f8   Section        0  timebase.o(i.timebase_init)
    .constdata                               0x08002a60   Section       92  usb_desc.o(.constdata)
    .data                                    0x20000000   Section       25  blaster.o(.data)
    s_recv_buff_len                          0x20000004   Data           4  blaster.o(.data)
    s_recv_buff_idx                          0x20000008   Data           4  blaster.o(.data)
    s_blaster_shift_cnt                      0x2000000c   Data           4  blaster.o(.data)
    s_blaster_shift_en                       0x20000010   Data           1  blaster.o(.data)
    s_blaster_read_en                        0x20000011   Data           1  blaster.o(.data)
    s_blaster_sendtime                       0x20000014   Data           4  blaster.o(.data)
    s_blaster_senddummy                      0x20000018   Data           1  blaster.o(.data)
    .data                                    0x2000001c   Section       16  led.o(.data)
    s_led_mode                               0x2000001c   Data           1  led.o(.data)
    s_led_last_time                          0x20000020   Data           4  led.o(.data)
    s_led_timer                              0x20000024   Data           2  led.o(.data)
    s_led_period                             0x20000026   Data           2  led.o(.data)
    s_led_pulse                              0x20000028   Data           2  led.o(.data)
    s_led_cycle_cnt                          0x2000002a   Data           2  led.o(.data)
    .data                                    0x2000002c   Section       12  timebase.o(.data)
    s_us_ticks                               0x2000002c   Data           4  timebase.o(.data)
    s_ms_ticks                               0x20000030   Data           4  timebase.o(.data)
    s_system_up_ms                           0x20000034   Data           4  timebase.o(.data)
    .data                                    0x20000038   Section       18  usb_desc.o(.data)
    .data                                    0x2000004c   Section       68  usb_istr.o(.data)
    .data                                    0x20000090   Section      136  usb_prop.o(.data)
    s_Report_Buf                             0x20000090   Data           2  usb_prop.o(.data)
    .data                                    0x20000118   Section       12  usb_pwr.o(.data)
    .data                                    0x20000124   Section       20  system_stm32f10x.o(.data)
    .data                                    0x20000138   Section        3  usb_core.o(.data)
    .data                                    0x2000013c   Section       20  usb_init.o(.data)
    .data                                    0x20000150   Section        4  usb_int.o(.data)
    .bss                                     0x20000154   Section      208  blaster.o(.bss)
    s_recv_buffer                            0x20000154   Data          64  blaster.o(.bss)
    s_send_buffer                            0x20000194   Data          64  blaster.o(.bss)
    s_send_packet_buff                       0x200001d4   Data          64  blaster.o(.bss)
    s_send_ring_buff                         0x20000214   Data          16  blaster.o(.bss)
    .bss                                     0x20000224   Section      128  ft245rom.o(.bss)
    s_ft245rom_buf                           0x20000224   Data         128  ft245rom.o(.bss)
    .bss                                     0x200002a4   Section       28  usb_init.o(.bss)
    STACK                                    0x200002c0   Section     1024  startup_stm32f10x_md.o(STACK)

    Global Symbols

    Symbol Name                              Value     Ov Type        Size  Object(Section)

    BuildAttributes$$THM_ISAv4$P$D$K$B$S$PE$A:L22UL41UL21$X:L11$S22US41US21$IEEE1$IW$USESV6$~STKCKD$USESV7$~SHL$OTIME$EBA8$MICROLIB$REQ8$PRES8$EABIv2 0x00000000   Number         0  anon$$obj.o ABSOLUTE
    __ARM_use_no_argv                        0x00000000   Number         0  main.o ABSOLUTE
    __cpp_initialize__aeabi_                  - Undefined Weak Reference
    __cxa_finalize                            - Undefined Weak Reference
    _clock_init                               - Undefined Weak Reference
    _microlib_exit                            - Undefined Weak Reference
    __Vectors_Size                           0x000000ec   Number         0  startup_stm32f10x_md.o ABSOLUTE
    __Vectors                                0x08000000   Data           4  startup_stm32f10x_md.o(RESET)
    __Vectors_End                            0x080000ec   Data           0  startup_stm32f10x_md.o(RESET)
    __main                                   0x080000ed   Thumb Code     0  entry.o(.ARM.Collect$$$$00000000)
    _main_stk                                0x080000ed   Thumb Code     0  entry2.o(.ARM.Collect$$$$00000001)
    _main_scatterload                        0x080000f1   Thumb Code     0  entry5.o(.ARM.Collect$$$$00000004)
    __main_after_scatterload                 0x080000f5   Thumb Code     0  entry5.o(.ARM.Collect$$$$00000004)
    _main_clock                              0x080000f5   Thumb Code     0  entry7b.o(.ARM.Collect$$$$00000008)
    _main_cpp_init                           0x080000f5   Thumb Code     0  entry8b.o(.ARM.Collect$$$$0000000A)
    _main_init                               0x080000f5   Thumb Code     0  entry9a.o(.ARM.Collect$$$$0000000B)
    __rt_final_cpp                           0x080000fd   Thumb Code     0  entry10a.o(.ARM.Collect$$$$0000000D)
    __rt_final_exit                          0x080000fd   Thumb Code     0  entry11a.o(.ARM.Collect$$$$0000000F)
    Reset_Handler                            0x08000101   Thumb Code     8  startup_stm32f10x_md.o(.text)
    ADC1_2_IRQHandler                        0x0800011b   Thumb Code     0  startup_stm32f10x_md.o(.text)
    CAN1_RX1_IRQHandler                      0x0800011b   Thumb Code     0  startup_stm32f10x_md.o(.text)
    CAN1_SCE_IRQHandler                      0x0800011b   Thumb Code     0  startup_stm32f10x_md.o(.text)
    DMA1_Channel1_IRQHandler                 0x0800011b   Thumb Code     0  startup_stm32f10x_md.o(.text)
    DMA1_Channel2_IRQHandler                 0x0800011b   Thumb Code     0  startup_stm32f10x_md.o(.text)
    DMA1_Channel3_IRQHandler                 0x0800011b   Thumb Code     0  startup_stm32f10x_md.o(.text)
    DMA1_Channel4_IRQHandler                 0x0800011b   Thumb Code     0  startup_stm32f10x_md.o(.text)
    DMA1_Channel5_IRQHandler                 0x0800011b   Thumb Code     0  startup_stm32f10x_md.o(.text)
    DMA1_Channel6_IRQHandler                 0x0800011b   Thumb Code     0  startup_stm32f10x_md.o(.text)
    DMA1_Channel7_IRQHandler                 0x0800011b   Thumb Code     0  startup_stm32f10x_md.o(.text)
    EXTI0_IRQHandler                         0x0800011b   Thumb Code     0  startup_stm32f10x_md.o(.text)
    EXTI15_10_IRQHandler                     0x0800011b   Thumb Code     0  startup_stm32f10x_md.o(.text)
    EXTI1_IRQHandler                         0x0800011b   Thumb Code     0  startup_stm32f10x_md.o(.text)
    EXTI2_IRQHandler                         0x0800011b   Thumb Code     0  startup_stm32f10x_md.o(.text)
    EXTI3_IRQHandler                         0x0800011b   Thumb Code     0  startup_stm32f10x_md.o(.text)
    EXTI4_IRQHandler                         0x0800011b   Thumb Code     0  startup_stm32f10x_md.o(.text)
    EXTI9_5_IRQHandler                       0x0800011b   Thumb Code     0  startup_stm32f10x_md.o(.text)
    FLASH_IRQHandler                         0x0800011b   Thumb Code     0  startup_stm32f10x_md.o(.text)
    I2C1_ER_IRQHandler                       0x0800011b   Thumb Code     0  startup_stm32f10x_md.o(.text)
    I2C1_EV_IRQHandler                       0x0800011b   Thumb Code     0  startup_stm32f10x_md.o(.text)
    I2C2_ER_IRQHandler                       0x0800011b   Thumb Code     0  startup_stm32f10x_md.o(.text)
    I2C2_EV_IRQHandler                       0x0800011b   Thumb Code     0  startup_stm32f10x_md.o(.text)
    PVD_IRQHandler                           0x0800011b   Thumb Code     0  startup_stm32f10x_md.o(.text)
    RCC_IRQHandler                           0x0800011b   Thumb Code     0  startup_stm32f10x_md.o(.text)
    RTCAlarm_IRQHandler                      0x0800011b   Thumb Code     0  startup_stm32f10x_md.o(.text)
    RTC_IRQHandler                           0x0800011b   Thumb Code     0  startup_stm32f10x_md.o(.text)
    SPI1_IRQHandler                          0x0800011b   Thumb Code     0  startup_stm32f10x_md.o(.text)
    SPI2_IRQHandler                          0x0800011b   Thumb Code     0  startup_stm32f10x_md.o(.text)
    TAMPER_IRQHandler                        0x0800011b   Thumb Code     0  startup_stm32f10x_md.o(.text)
    TIM1_BRK_IRQHandler                      0x0800011b   Thumb Code     0  startup_stm32f10x_md.o(.text)
    TIM1_CC_IRQHandler                       0x0800011b   Thumb Code     0  startup_stm32f10x_md.o(.text)
    TIM1_TRG_COM_IRQHandler                  0x0800011b   Thumb Code     0  startup_stm32f10x_md.o(.text)
    TIM1_UP_IRQHandler                       0x0800011b   Thumb Code     0  startup_stm32f10x_md.o(.text)
    TIM2_IRQHandler                          0x0800011b   Thumb Code     0  startup_stm32f10x_md.o(.text)
    TIM3_IRQHandler                          0x0800011b   Thumb Code     0  startup_stm32f10x_md.o(.text)
    TIM4_IRQHandler                          0x0800011b   Thumb Code     0  startup_stm32f10x_md.o(.text)
    USART1_IRQHandler                        0x0800011b   Thumb Code     0  startup_stm32f10x_md.o(.text)
    USART2_IRQHandler                        0x0800011b   Thumb Code     0  startup_stm32f10x_md.o(.text)
    USART3_IRQHandler                        0x0800011b   Thumb Code     0  startup_stm32f10x_md.o(.text)
    WWDG_IRQHandler                          0x0800011b   Thumb Code     0  startup_stm32f10x_md.o(.text)
    __aeabi_memcpy                           0x08000125   Thumb Code    36  memcpya.o(.text)
    __aeabi_memcpy4                          0x08000125   Thumb Code     0  memcpya.o(.text)
    __aeabi_memcpy8                          0x08000125   Thumb Code     0  memcpya.o(.text)
    __scatterload                            0x08000149   Thumb Code    28  init.o(.text)
    __scatterload_rt2                        0x08000149   Thumb Code     0  init.o(.text)
    __decompress                             0x0800016d   Thumb Code     0  __dczerorl2.o(.text)
    __decompress1                            0x0800016d   Thumb Code    86  __dczerorl2.o(.text)
    Blaster_Data_Setup                       0x080001c5   Thumb Code   136  usb_prop.o(i.Blaster_Data_Setup)
    Blaster_GetConfigDescriptor              0x08000259   Thumb Code    14  usb_prop.o(i.Blaster_GetConfigDescriptor)
    Blaster_GetDeviceDescriptor              0x0800026d   Thumb Code    14  usb_prop.o(i.Blaster_GetDeviceDescriptor)
    Blaster_GetStringDescriptor              0x08000281   Thumb Code    32  usb_prop.o(i.Blaster_GetStringDescriptor)
    Blaster_Get_Interface_Setting            0x080002a9   Thumb Code    22  usb_prop.o(i.Blaster_Get_Interface_Setting)
    Blaster_Get_VendorData                   0x080002c1   Thumb Code    20  usb_prop.o(i.Blaster_Get_VendorData)
    Blaster_Init                             0x080002dd   Thumb Code    34  usb_prop.o(i.Blaster_Init)
    Blaster_NoData_Setup                     0x08000309   Thumb Code    52  usb_prop.o(i.Blaster_NoData_Setup)
    Blaster_Reset                            0x08000341   Thumb Code   236  usb_prop.o(i.Blaster_Reset)
    Blaster_SetConfiguration                 0x0800043d   Thumb Code    16  usb_prop.o(i.Blaster_SetConfiguration)
    Blaster_SetDeviceAddress                 0x08000455   Thumb Code     8  usb_prop.o(i.Blaster_SetDeviceAddress)
    Blaster_Status_In                        0x08000461   Thumb Code     2  usb_prop.o(i.Blaster_Status_In)
    Blaster_Status_Out                       0x08000463   Thumb Code     2  usb_prop.o(i.Blaster_Status_Out)
    BusFault_Handler                         0x08000465   Thumb Code     4  stm32_it.o(i.BusFault_Handler)
    ByteSwap                                 0x08000469   Thumb Code    12  usb_regs.o(i.ByteSwap)
    CTR_HP                                   0x08000475   Thumb Code   174  usb_int.o(i.CTR_HP)
    CTR_LP                                   0x0800053d   Thumb Code   616  usb_int.o(i.CTR_LP)
    ClearDTOG_RX                             0x080007c5   Thumb Code    48  usb_regs.o(i.ClearDTOG_RX)
    ClearDTOG_TX                             0x080007f9   Thumb Code    48  usb_regs.o(i.ClearDTOG_TX)
    Clear_Status_Out                         0x0800082d   Thumb Code    34  usb_regs.o(i.Clear_Status_Out)
    DebugMon_Handler                         0x08000c69   Thumb Code     2  stm32_it.o(i.DebugMon_Handler)
    EP1_IN_Callback                          0x08000c6d   Thumb Code     8  usb_endp.o(i.EP1_IN_Callback)
    EP2_OUT_Callback                         0x08000c79   Thumb Code     8  usb_endp.o(i.EP2_OUT_Callback)
    EXTI_ClearITPendingBit                   0x08000c85   Thumb Code     6  stm32f10x_exti.o(i.EXTI_ClearITPendingBit)
    EXTI_Init                                0x08000c91   Thumb Code   142  stm32f10x_exti.o(i.EXTI_Init)
    FreeUserBuffer                           0x08000d25   Thumb Code    78  usb_regs.o(i.FreeUserBuffer)
    GPIO_DeInit                              0x08000d79   Thumb Code   172  stm32f10x_gpio.o(i.GPIO_DeInit)
    GPIO_Init                                0x08000e41   Thumb Code   278  stm32f10x_gpio.o(i.GPIO_Init)
    GPIO_PinRemapConfig                      0x08000f59   Thumb Code   138  stm32f10x_gpio.o(i.GPIO_PinRemapConfig)
    GPIO_ReadInputDataBit                    0x08000fe9   Thumb Code    18  stm32f10x_gpio.o(i.GPIO_ReadInputDataBit)
    GPIO_ResetBits                           0x08000ffb   Thumb Code     4  stm32f10x_gpio.o(i.GPIO_ResetBits)
    GPIO_SetBits                             0x08000fff   Thumb Code     4  stm32f10x_gpio.o(i.GPIO_SetBits)
    GetENDPOINT                              0x08001005   Thumb Code    16  usb_regs.o(i.GetENDPOINT)
    GetEPDblBuf0Count                        0x08001019   Thumb Code    26  usb_regs.o(i.GetEPDblBuf0Count)
    GetEPDblBuf1Count                        0x0800103d   Thumb Code    26  usb_regs.o(i.GetEPDblBuf1Count)
    GetEPRxAddr                              0x08001061   Thumb Code    24  usb_regs.o(i.GetEPRxAddr)
    GetEPTxAddr                              0x08001081   Thumb Code    22  usb_regs.o(i.GetEPTxAddr)
    Get_SerialNum                            0x080010a1   Thumb Code    32  hw_config.o(i.Get_SerialNum)
    HardFault_Handler                        0x080010c9   Thumb Code     4  stm32_it.o(i.HardFault_Handler)
    In0_Process                              0x080010cd   Thumb Code    98  usb_core.o(i.In0_Process)
    MemManage_Handler                        0x0800117b   Thumb Code     4  stm32_it.o(i.MemManage_Handler)
    NMI_Handler                              0x0800117f   Thumb Code     2  stm32_it.o(i.NMI_Handler)
    NOP_Process                              0x08001181   Thumb Code     2  usb_core.o(i.NOP_Process)
    NVIC_Init                                0x08001185   Thumb Code   100  misc.o(i.NVIC_Init)
    NVIC_PriorityGroupConfig                 0x080011f5   Thumb Code    10  misc.o(i.NVIC_PriorityGroupConfig)
    Out0_Process                             0x08001369   Thumb Code    70  usb_core.o(i.Out0_Process)
    PMAToUserBufferCopy                      0x080013b9   Thumb Code    34  usb_mem.o(i.PMAToUserBufferCopy)
    PendSV_Handler                           0x080013e1   Thumb Code     2  stm32_it.o(i.PendSV_Handler)
    Post0_Process                            0x080013e5   Thumb Code    54  usb_core.o(i.Post0_Process)
    PowerOn                                  0x0800142d   Thumb Code    54  usb_pwr.o(i.PowerOn)
    RCC_APB1PeriphClockCmd                   0x0800146d   Thumb Code    26  stm32f10x_rcc.o(i.RCC_APB1PeriphClockCmd)
    RCC_APB2PeriphClockCmd                   0x0800148d   Thumb Code    26  stm32f10x_rcc.o(i.RCC_APB2PeriphClockCmd)
    RCC_APB2PeriphResetCmd                   0x080014ad   Thumb Code    26  stm32f10x_rcc.o(i.RCC_APB2PeriphResetCmd)
    RCC_USBCLKConfig                         0x080014cd   Thumb Code     6  stm32f10x_rcc.o(i.RCC_USBCLKConfig)
    SVC_Handler                              0x080014d9   Thumb Code     2  stm32_it.o(i.SVC_Handler)
    SetBTABLE                                0x080014dd   Thumb Code    12  usb_regs.o(i.SetBTABLE)
    SetDeviceAddress                         0x080014ed   Thumb Code    68  usb_core.o(i.SetDeviceAddress)
    SetEPDblBuffAddr                         0x0800153d   Thumb Code    44  usb_regs.o(i.SetEPDblBuffAddr)
    SetEPDblBuffCount                        0x08001571   Thumb Code   186  usb_regs.o(i.SetEPDblBuffCount)
    SetEPDoubleBuff                          0x08001635   Thumb Code    38  usb_regs.o(i.SetEPDoubleBuff)
    SetEPRxAddr                              0x08001661   Thumb Code    26  usb_regs.o(i.SetEPRxAddr)
    SetEPRxCount                             0x08001685   Thumb Code    68  usb_regs.o(i.SetEPRxCount)
    SetEPRxStatus                            0x080016d1   Thumb Code    60  usb_regs.o(i.SetEPRxStatus)
    SetEPRxValid                             0x08001711   Thumb Code    48  usb_regs.o(i.SetEPRxValid)
    SetEPTxAddr                              0x08001745   Thumb Code    24  usb_regs.o(i.SetEPTxAddr)
    SetEPTxCount                             0x08001765   Thumb Code    20  usb_regs.o(i.SetEPTxCount)
    SetEPTxStatus                            0x08001781   Thumb Code    60  usb_regs.o(i.SetEPTxStatus)
    SetEPTxValid                             0x080017c1   Thumb Code    48  usb_regs.o(i.SetEPTxValid)
    SetEPType                                0x080017f5   Thumb Code    32  usb_regs.o(i.SetEPType)
    Setup0_Process                           0x08001901   Thumb Code   170  usb_core.o(i.Setup0_Process)
    Standard_ClearFeature                    0x080019b9   Thumb Code   342  usb_core.o(i.Standard_ClearFeature)
    Standard_GetConfiguration                0x08001b25   Thumb Code    34  usb_core.o(i.Standard_GetConfiguration)
    Standard_GetDescriptorData               0x08001b51   Thumb Code    32  usb_core.o(i.Standard_GetDescriptorData)
    Standard_GetInterface                    0x08001b75   Thumb Code    34  usb_core.o(i.Standard_GetInterface)
    Standard_GetStatus                       0x08001ba1   Thumb Code   238  usb_core.o(i.Standard_GetStatus)
    Standard_SetConfiguration                0x08001ca1   Thumb Code    60  usb_core.o(i.Standard_SetConfiguration)
    Standard_SetDeviceFeature                0x08001ce9   Thumb Code    30  usb_core.o(i.Standard_SetDeviceFeature)
    Standard_SetEndPointFeature              0x08001d11   Thumb Code   192  usb_core.o(i.Standard_SetEndPointFeature)
    Standard_SetInterface                    0x08001de1   Thumb Code    96  usb_core.o(i.Standard_SetInterface)
    SysTick_Handler                          0x08001e4d   Thumb Code    12  timebase.o(i.SysTick_Handler)
    SystemInit                               0x08001e5d   Thumb Code    78  system_stm32f10x.o(i.SystemInit)
    ToggleDTOG_TX                            0x08001ebd   Thumb Code    34  usb_regs.o(i.ToggleDTOG_TX)
    USBWakeUp_IRQHandler                     0x08001ee5   Thumb Code    12  stm32_it.o(i.USBWakeUp_IRQHandler)
    USB_Cable_Ctrl                           0x08001ef1   Thumb Code    26  hw_config.o(i.USB_Cable_Ctrl)
    USB_Clock_Config                         0x08001f11   Thumb Code    18  hw_config.o(i.USB_Clock_Config)
    USB_EXTI_Config                          0x08001f23   Thumb Code    36  hw_config.o(i.USB_EXTI_Config)
    USB_GPIO_Config                          0x08001f49   Thumb Code    38  hw_config.o(i.USB_GPIO_Config)
    USB_HP_CAN1_TX_IRQHandler                0x08001f75   Thumb Code     8  stm32_it.o(i.USB_HP_CAN1_TX_IRQHandler)
    USB_HW_Config                            0x08001f7d   Thumb Code    20  hw_config.o(i.USB_HW_Config)
    USB_Init                                 0x08001f91   Thumb Code    36  usb_init.o(i.USB_Init)
    USB_Interrupts_Config                    0x08001fcd   Thumb Code    60  hw_config.o(i.USB_Interrupts_Config)
    USB_Istr                                 0x08002009   Thumb Code    62  usb_istr.o(i.USB_Istr)
    USB_LP_CAN1_RX0_IRQHandler               0x08002059   Thumb Code     8  stm32_it.o(i.USB_LP_CAN1_RX0_IRQHandler)
    USB_SIL_Init                             0x08002061   Thumb Code    28  usb_sil.o(i.USB_SIL_Init)
    USB_SIL_Write                            0x08002085   Thumb Code    46  usb_sil.o(i.USB_SIL_Write)
    UsageFault_Handler                       0x080020b3   Thumb Code     4  stm32_it.o(i.UsageFault_Handler)
    UserToPMABufferCopy                      0x080020b9   Thumb Code    52  usb_mem.o(i.UserToPMABufferCopy)
    __scatterload_copy                       0x080020f1   Thumb Code    14  handlers.o(i.__scatterload_copy)
    __scatterload_null                       0x080020ff   Thumb Code     2  handlers.o(i.__scatterload_null)
    __scatterload_zeroinit                   0x08002101   Thumb Code    14  handlers.o(i.__scatterload_zeroinit)
    blaster_exec                             0x0800210f   Thumb Code    16  blaster.o(i.blaster_exec)
    blaster_init                             0x08002121   Thumb Code    74  blaster.o(i.blaster_init)
    bport_init                               0x0800235d   Thumb Code    60  blaster_port.o(i.bport_init)
    bport_shift_io                           0x0800239d   Thumb Code   186  blaster_port.o(i.bport_shift_io)
    bport_shift_out                          0x0800245d   Thumb Code   118  blaster_port.o(i.bport_shift_out)
    bport_state_get                          0x080024d9   Thumb Code    10  blaster_port.o(i.bport_state_get)
    bport_state_set                          0x080024e9   Thumb Code    36  blaster_port.o(i.bport_state_set)
    delay_ms                                 0x08002511   Thumb Code    24  timebase.o(i.delay_ms)
    delay_us                                 0x08002529   Thumb Code    24  timebase.o(i.delay_us)
    ft245rom_checksum                        0x08002541   Thumb Code    42  ft245rom.o(i.ft245rom_checksum)
    ft245rom_init                            0x0800256d   Thumb Code   324  ft245rom.o(i.ft245rom_init)
    ft245rom_read                            0x080026c9   Thumb Code    18  ft245rom.o(i.ft245rom_read)
    key_is_pressed                           0x080026e1   Thumb Code    84  main.o(i.key_is_pressed)
    led_flash                                0x08002739   Thumb Code    48  led.o(i.led_flash)
    led_init                                 0x080027b1   Thumb Code    28  led.o(i.led_init)
    led_update                               0x080027d9   Thumb Code   126  led.o(i.led_update)
    main                                     0x08002875   Thumb Code    74  main.o(i.main)
    micros                                   0x080028c9   Thumb Code    48  timebase.o(i.micros)
    millis                                   0x08002905   Thumb Code     6  timebase.o(i.millis)
    ringbuf_get                              0x08002911   Thumb Code   124  ringbuf.o(i.ringbuf_get)
    ringbuf_init                             0x0800298d   Thumb Code    36  ringbuf.o(i.ringbuf_init)
    ringbuf_is_full                          0x080029b1   Thumb Code    22  ringbuf.o(i.ringbuf_is_full)
    ringbuf_putc                             0x080029c7   Thumb Code    40  ringbuf.o(i.ringbuf_putc)
    ringbuf_use_len                          0x080029ef   Thumb Code    10  ringbuf.o(i.ringbuf_use_len)
    timebase_init                            0x080029f9   Thumb Code    88  timebase.o(i.timebase_init)
    Blaster_DeviceDescriptor                 0x08002a60   Data          18  usb_desc.o(.constdata)
    Blaster_ConfigDescriptor                 0x08002a72   Data          32  usb_desc.o(.constdata)
    Blaster_StringLangID                     0x08002a92   Data           4  usb_desc.o(.constdata)
    Blaster_StringVendor                     0x08002a96   Data          14  usb_desc.o(.constdata)
    Blaster_StringProduct                    0x08002aa4   Data          24  usb_desc.o(.constdata)
    Region$$Table$$Base                      0x08002abc   Number         0  anon$$obj.o(Region$$Table)
    Region$$Table$$Limit                     0x08002adc   Number         0  anon$$obj.o(Region$$Table)
    g_blaster_rx_req                         0x20000000   Data           1  blaster.o(.data)
    g_blaster_tx_ready                       0x20000001   Data           1  blaster.o(.data)
    Blaster_StringSerial                     0x20000038   Data          18  usb_desc.o(.data)
    wIstr                                    0x2000004c   Data           2  usb_istr.o(.data)
    bIntPackSOF                              0x2000004e   Data           1  usb_istr.o(.data)
    esof_counter                             0x20000050   Data           4  usb_istr.o(.data)
    wCNTR                                    0x20000054   Data           4  usb_istr.o(.data)
    pEpInt_IN                                0x20000058   Data          28  usb_istr.o(.data)
    pEpInt_OUT                               0x20000074   Data          28  usb_istr.o(.data)
    Device_Table                             0x20000092   Data           2  usb_prop.o(.data)
    Device_Property                          0x20000094   Data          48  usb_prop.o(.data)
    User_Standard_Requests                   0x200000c4   Data          36  usb_prop.o(.data)
    Device_Descriptor                        0x200000e8   Data           8  usb_prop.o(.data)
    Config_Descriptor                        0x200000f0   Data           8  usb_prop.o(.data)
    String_Descriptor                        0x200000f8   Data          32  usb_prop.o(.data)
    bDeviceState                             0x20000118   Data           4  usb_pwr.o(.data)
    fSuspendEnabled                          0x2000011c   Data           1  usb_pwr.o(.data)
    ResumeS                                  0x2000011d   Data           2  usb_pwr.o(.data)
    remotewakeupon                           0x20000120   Data           4  usb_pwr.o(.data)
    SystemCoreClock                          0x20000124   Data           4  system_stm32f10x.o(.data)
    AHBPrescTable                            0x20000128   Data          16  system_stm32f10x.o(.data)
    StatusInfo                               0x20000138   Data           2  usb_core.o(.data)
    Data_Mul_MaxPacketSize                   0x2000013a   Data           1  usb_core.o(.data)
    EPindex                                  0x2000013c   Data           1  usb_init.o(.data)
    pInformation                             0x20000140   Data           4  usb_init.o(.data)
    pProperty                                0x20000144   Data           4  usb_init.o(.data)
    SaveState                                0x20000148   Data           2  usb_init.o(.data)
    wInterrupt_Mask                          0x2000014a   Data           2  usb_init.o(.data)
    pUser_Standard_Requests                  0x2000014c   Data           4  usb_init.o(.data)
    SaveRState                               0x20000150   Data           2  usb_int.o(.data)
    SaveTState                               0x20000152   Data           2  usb_int.o(.data)
    Device_Info                              0x200002a4   Data          28  usb_init.o(.bss)
    __initial_sp                             0x200006c0   Data           0  startup_stm32f10x_md.o(STACK)



==============================================================================

Memory Map of the image

  Image Entry point : 0x080000ed

  Load Region LR_IROM1 (Base: 0x08000000, Size: 0x00002c30, Max: 0x00010000, ABSOLUTE, COMPRESSED[0x00002b58])

    Execution Region ER_IROM1 (Base: 0x08000000, Size: 0x00002adc, Max: 0x00010000, ABSOLUTE)

    Base Addr    Size         Type   Attr      Idx    E Section Name        Object

    0x08000000   0x000000ec   Data   RO          988    RESET               startup_stm32f10x_md.o
    0x080000ec   0x00000000   Code   RO         2963  * .ARM.Collect$$$$00000000  mc_w.l(entry.o)
    0x080000ec   0x00000004   Code   RO         2970    .ARM.Collect$$$$00000001  mc_w.l(entry2.o)
    0x080000f0   0x00000004   Code   RO         2973    .ARM.Collect$$$$00000004  mc_w.l(entry5.o)
    0x080000f4   0x00000000   Code   RO         2975    .ARM.Collect$$$$00000008  mc_w.l(entry7b.o)
    0x080000f4   0x00000000   Code   RO         2977    .ARM.Collect$$$$0000000A  mc_w.l(entry8b.o)
    0x080000f4   0x00000008   Code   RO         2978    .ARM.Collect$$$$0000000B  mc_w.l(entry9a.o)
    0x080000fc   0x00000000   Code   RO         2980    .ARM.Collect$$$$0000000D  mc_w.l(entry10a.o)
    0x080000fc   0x00000000   Code   RO         2982    .ARM.Collect$$$$0000000F  mc_w.l(entry11a.o)
    0x080000fc   0x00000004   Code   RO         2971    .ARM.Collect$$$$00002712  mc_w.l(entry2.o)
    0x08000100   0x00000024   Code   RO          989    .text               startup_stm32f10x_md.o
    0x08000124   0x00000024   Code   RO         2966    .text               mc_w.l(memcpya.o)
    0x08000148   0x00000024   Code   RO         2984    .text               mc_w.l(init.o)
    0x0800016c   0x00000056   Code   RO         2994    .text               mc_w.l(__dczerorl2.o)
    0x080001c2   0x00000002   PAD
    0x080001c4   0x00000094   Code   RO          694    i.Blaster_Data_Setup  usb_prop.o
    0x08000258   0x00000014   Code   RO          695    i.Blaster_GetConfigDescriptor  usb_prop.o
    0x0800026c   0x00000014   Code   RO          696    i.Blaster_GetDeviceDescriptor  usb_prop.o
    0x08000280   0x00000028   Code   RO          697    i.Blaster_GetStringDescriptor  usb_prop.o
    0x080002a8   0x00000016   Code   RO          698    i.Blaster_Get_Interface_Setting  usb_prop.o
    0x080002be   0x00000002   PAD
    0x080002c0   0x0000001c   Code   RO          699    i.Blaster_Get_VendorData  usb_prop.o
    0x080002dc   0x0000002c   Code   RO          700    i.Blaster_Init      usb_prop.o
    0x08000308   0x00000038   Code   RO          701    i.Blaster_NoData_Setup  usb_prop.o
    0x08000340   0x000000fc   Code   RO          702    i.Blaster_Reset     usb_prop.o
    0x0800043c   0x00000018   Code   RO          703    i.Blaster_SetConfiguration  usb_prop.o
    0x08000454   0x0000000c   Code   RO          704    i.Blaster_SetDeviceAddress  usb_prop.o
    0x08000460   0x00000002   Code   RO          705    i.Blaster_Status_In  usb_prop.o
    0x08000462   0x00000002   Code   RO          706    i.Blaster_Status_Out  usb_prop.o
    0x08000464   0x00000004   Code   RO          856    i.BusFault_Handler  stm32_it.o
    0x08000468   0x0000000c   Code   RO         1234    i.ByteSwap          usb_regs.o
    0x08000474   0x000000c8   Code   RO         1162    i.CTR_HP            usb_int.o
    0x0800053c   0x00000288   Code   RO         1163    i.CTR_LP            usb_int.o
    0x080007c4   0x00000034   Code   RO         1235    i.ClearDTOG_RX      usb_regs.o
    0x080007f8   0x00000034   Code   RO         1236    i.ClearDTOG_TX      usb_regs.o
    0x0800082c   0x00000028   Code   RO         1241    i.Clear_Status_Out  usb_regs.o
    0x08000854   0x000000c0   Code   RO          996    i.DataStageIn       usb_core.o
    0x08000914   0x000000bc   Code   RO          997    i.DataStageOut      usb_core.o
    0x080009d0   0x00000298   Code   RO          998    i.Data_Setup0       usb_core.o
    0x08000c68   0x00000002   Code   RO          857    i.DebugMon_Handler  stm32_it.o
    0x08000c6a   0x00000002   PAD
    0x08000c6c   0x0000000c   Code   RO          630    i.EP1_IN_Callback   usb_endp.o
    0x08000c78   0x0000000c   Code   RO          631    i.EP2_OUT_Callback  usb_endp.o
    0x08000c84   0x0000000c   Code   RO         1691    i.EXTI_ClearITPendingBit  stm32f10x_exti.o
    0x08000c90   0x00000094   Code   RO         1696    i.EXTI_Init         stm32f10x_exti.o
    0x08000d24   0x00000054   Code   RO         1242    i.FreeUserBuffer    usb_regs.o
    0x08000d78   0x000000c8   Code   RO         1913    i.GPIO_DeInit       stm32f10x_gpio.o
    0x08000e40   0x00000116   Code   RO         1918    i.GPIO_Init         stm32f10x_gpio.o
    0x08000f56   0x00000002   PAD
    0x08000f58   0x00000090   Code   RO         1920    i.GPIO_PinRemapConfig  stm32f10x_gpio.o
    0x08000fe8   0x00000012   Code   RO         1922    i.GPIO_ReadInputDataBit  stm32f10x_gpio.o
    0x08000ffa   0x00000004   Code   RO         1925    i.GPIO_ResetBits    stm32f10x_gpio.o
    0x08000ffe   0x00000004   Code   RO         1926    i.GPIO_SetBits      stm32f10x_gpio.o
    0x08001002   0x00000002   PAD
    0x08001004   0x00000014   Code   RO         1246    i.GetENDPOINT       usb_regs.o
    0x08001018   0x00000024   Code   RO         1249    i.GetEPDblBuf0Count  usb_regs.o
    0x0800103c   0x00000024   Code   RO         1251    i.GetEPDblBuf1Count  usb_regs.o
    0x08001060   0x00000020   Code   RO         1253    i.GetEPRxAddr       usb_regs.o
    0x08001080   0x00000020   Code   RO         1256    i.GetEPTxAddr       usb_regs.o
    0x080010a0   0x00000028   Code   RO          526    i.Get_SerialNum     hw_config.o
    0x080010c8   0x00000004   Code   RO          858    i.HardFault_Handler  stm32_it.o
    0x080010cc   0x00000070   Code   RO          999    i.In0_Process       usb_core.o
    0x0800113c   0x0000003e   Code   RO          527    i.IntToUnicode      hw_config.o
    0x0800117a   0x00000004   Code   RO          859    i.MemManage_Handler  stm32_it.o
    0x0800117e   0x00000002   Code   RO          860    i.NMI_Handler       stm32_it.o
    0x08001180   0x00000002   Code   RO         1000    i.NOP_Process       usb_core.o
    0x08001182   0x00000002   PAD
    0x08001184   0x00000070   Code   RO         1642    i.NVIC_Init         misc.o
    0x080011f4   0x00000014   Code   RO         1643    i.NVIC_PriorityGroupConfig  misc.o
    0x08001208   0x00000028   Code   RO          454    i.NVIC_SetPriority  timebase.o
    0x08001230   0x00000138   Code   RO         1001    i.NoData_Setup0     usb_core.o
    0x08001368   0x00000050   Code   RO         1002    i.Out0_Process      usb_core.o
    0x080013b8   0x00000028   Code   RO         1204    i.PMAToUserBufferCopy  usb_mem.o
    0x080013e0   0x00000002   Code   RO          861    i.PendSV_Handler    stm32_it.o
    0x080013e2   0x00000002   PAD
    0x080013e4   0x00000048   Code   RO         1003    i.Post0_Process     usb_core.o
    0x0800142c   0x00000040   Code   RO          802    i.PowerOn           usb_pwr.o
    0x0800146c   0x00000020   Code   RO         2040    i.RCC_APB1PeriphClockCmd  stm32f10x_rcc.o
    0x0800148c   0x00000020   Code   RO         2042    i.RCC_APB2PeriphClockCmd  stm32f10x_rcc.o
    0x080014ac   0x00000020   Code   RO         2043    i.RCC_APB2PeriphResetCmd  stm32f10x_rcc.o
    0x080014cc   0x0000000c   Code   RO         2068    i.RCC_USBCLKConfig  stm32f10x_rcc.o
    0x080014d8   0x00000002   Code   RO          862    i.SVC_Handler       stm32_it.o
    0x080014da   0x00000002   PAD
    0x080014dc   0x00000010   Code   RO         1264    i.SetBTABLE         usb_regs.o
    0x080014ec   0x00000050   Code   RO         1004    i.SetDeviceAddress  usb_core.o
    0x0800153c   0x00000034   Code   RO         1275    i.SetEPDblBuffAddr  usb_regs.o
    0x08001570   0x000000c4   Code   RO         1276    i.SetEPDblBuffCount  usb_regs.o
    0x08001634   0x0000002c   Code   RO         1277    i.SetEPDoubleBuff   usb_regs.o
    0x08001660   0x00000024   Code   RO         1278    i.SetEPRxAddr       usb_regs.o
    0x08001684   0x0000004c   Code   RO         1279    i.SetEPRxCount      usb_regs.o
    0x080016d0   0x00000040   Code   RO         1280    i.SetEPRxStatus     usb_regs.o
    0x08001710   0x00000034   Code   RO         1281    i.SetEPRxValid      usb_regs.o
    0x08001744   0x00000020   Code   RO         1282    i.SetEPTxAddr       usb_regs.o
    0x08001764   0x0000001c   Code   RO         1283    i.SetEPTxCount      usb_regs.o
    0x08001780   0x00000040   Code   RO         1284    i.SetEPTxStatus     usb_regs.o
    0x080017c0   0x00000034   Code   RO         1285    i.SetEPTxValid      usb_regs.o
    0x080017f4   0x00000024   Code   RO         1286    i.SetEPType         usb_regs.o
    0x08001818   0x00000008   Code   RO          943    i.SetSysClock       system_stm32f10x.o
    0x08001820   0x000000e0   Code   RO          944    i.SetSysClockTo72   system_stm32f10x.o
    0x08001900   0x000000b8   Code   RO         1005    i.Setup0_Process    usb_core.o
    0x080019b8   0x0000016c   Code   RO         1006    i.Standard_ClearFeature  usb_core.o
    0x08001b24   0x0000002c   Code   RO         1007    i.Standard_GetConfiguration  usb_core.o
    0x08001b50   0x00000024   Code   RO         1008    i.Standard_GetDescriptorData  usb_core.o
    0x08001b74   0x0000002c   Code   RO         1009    i.Standard_GetInterface  usb_core.o
    0x08001ba0   0x00000100   Code   RO         1010    i.Standard_GetStatus  usb_core.o
    0x08001ca0   0x00000048   Code   RO         1011    i.Standard_SetConfiguration  usb_core.o
    0x08001ce8   0x00000028   Code   RO         1012    i.Standard_SetDeviceFeature  usb_core.o
    0x08001d10   0x000000d0   Code   RO         1013    i.Standard_SetEndPointFeature  usb_core.o
    0x08001de0   0x0000006c   Code   RO         1014    i.Standard_SetInterface  usb_core.o
    0x08001e4c   0x00000010   Code   RO          455    i.SysTick_Handler   timebase.o
    0x08001e5c   0x00000060   Code   RO          946    i.SystemInit        system_stm32f10x.o
    0x08001ebc   0x00000028   Code   RO         1292    i.ToggleDTOG_TX     usb_regs.o
    0x08001ee4   0x0000000c   Code   RO          863    i.USBWakeUp_IRQHandler  stm32_it.o
    0x08001ef0   0x00000020   Code   RO          529    i.USB_Cable_Ctrl    hw_config.o
    0x08001f10   0x00000012   Code   RO          530    i.USB_Clock_Config  hw_config.o
    0x08001f22   0x00000024   Code   RO          531    i.USB_EXTI_Config   hw_config.o
    0x08001f46   0x00000002   PAD
    0x08001f48   0x0000002c   Code   RO          532    i.USB_GPIO_Config   hw_config.o
    0x08001f74   0x00000008   Code   RO          864    i.USB_HP_CAN1_TX_IRQHandler  stm32_it.o
    0x08001f7c   0x00000014   Code   RO          533    i.USB_HW_Config     hw_config.o
    0x08001f90   0x0000003c   Code   RO         1127    i.USB_Init          usb_init.o
    0x08001fcc   0x0000003c   Code   RO          534    i.USB_Interrupts_Config  hw_config.o
    0x08002008   0x00000050   Code   RO          664    i.USB_Istr          usb_istr.o
    0x08002058   0x00000008   Code   RO          865    i.USB_LP_CAN1_RX0_IRQHandler  stm32_it.o
    0x08002060   0x00000024   Code   RO         1606    i.USB_SIL_Init      usb_sil.o
    0x08002084   0x0000002e   Code   RO         1608    i.USB_SIL_Write     usb_sil.o
    0x080020b2   0x00000004   Code   RO          866    i.UsageFault_Handler  stm32_it.o
    0x080020b6   0x00000002   PAD
    0x080020b8   0x00000038   Code   RO         1205    i.UserToPMABufferCopy  usb_mem.o
    0x080020f0   0x0000000e   Code   RO         2988    i.__scatterload_copy  mc_w.l(handlers.o)
    0x080020fe   0x00000002   Code   RO         2989    i.__scatterload_null  mc_w.l(handlers.o)
    0x08002100   0x0000000e   Code   RO         2990    i.__scatterload_zeroinit  mc_w.l(handlers.o)
    0x0800210e   0x00000010   Code   RO          194    i.blaster_exec      blaster.o
    0x0800211e   0x00000002   PAD
    0x08002120   0x0000007c   Code   RO          195    i.blaster_init      blaster.o
    0x0800219c   0x000000cc   Code   RO          196    i.blaster_ioproc    blaster.o
    0x08002268   0x00000078   Code   RO          197    i.blaster_usbrecv   blaster.o
    0x080022e0   0x0000007c   Code   RO          198    i.blaster_usbsend   blaster.o
    0x0800235c   0x00000040   Code   RO          255    i.bport_init        blaster_port.o
    0x0800239c   0x000000c0   Code   RO          256    i.bport_shift_io    blaster_port.o
    0x0800245c   0x0000007c   Code   RO          257    i.bport_shift_out   blaster_port.o
    0x080024d8   0x00000010   Code   RO          258    i.bport_state_get   blaster_port.o
    0x080024e8   0x00000028   Code   RO          259    i.bport_state_set   blaster_port.o
    0x08002510   0x00000018   Code   RO          456    i.delay_ms          timebase.o
    0x08002528   0x00000018   Code   RO          457    i.delay_us          timebase.o
    0x08002540   0x0000002a   Code   RO          303    i.ft245rom_checksum  ft245rom.o
    0x0800256a   0x00000002   PAD
    0x0800256c   0x0000015c   Code   RO          304    i.ft245rom_init     ft245rom.o
    0x080026c8   0x00000018   Code   RO          305    i.ft245rom_read     ft245rom.o
    0x080026e0   0x00000058   Code   RO            4    i.key_is_pressed    main.o
    0x08002738   0x0000004c   Code   RO          405    i.led_flash         led.o
    0x08002784   0x0000002c   Code   RO          406    i.led_gpio_config   led.o
    0x080027b0   0x00000028   Code   RO          407    i.led_init          led.o
    0x080027d8   0x0000009c   Code   RO          409    i.led_update        led.o
    0x08002874   0x00000054   Code   RO            5    i.main              main.o
    0x080028c8   0x0000003c   Code   RO          458    i.micros            timebase.o
    0x08002904   0x0000000c   Code   RO          459    i.millis            timebase.o
    0x08002910   0x0000007c   Code   RO          348    i.ringbuf_get       ringbuf.o
    0x0800298c   0x00000024   Code   RO          349    i.ringbuf_init      ringbuf.o
    0x080029b0   0x00000016   Code   RO          350    i.ringbuf_is_full   ringbuf.o
    0x080029c6   0x00000028   Code   RO          352    i.ringbuf_putc      ringbuf.o
    0x080029ee   0x0000000a   Code   RO          353    i.ringbuf_use_len   ringbuf.o
    0x080029f8   0x00000068   Code   RO          461    i.timebase_init     timebase.o
    0x08002a60   0x0000005c   Data   RO          605    .constdata          usb_desc.o
    0x08002abc   0x00000020   Data   RO         2986    Region$$Table       anon$$obj.o


    Execution Region RW_IRAM1 (Base: 0x20000000, Size: 0x000006c0, Max: 0x00005000, ABSOLUTE, COMPRESSED[0x0000007c])

    Base Addr    Size         Type   Attr      Idx    E Section Name        Object

    0x20000000   0x00000019   Data   RW          200    .data               blaster.o
    0x20000019   0x00000003   PAD
    0x2000001c   0x00000010   Data   RW          410    .data               led.o
    0x2000002c   0x0000000c   Data   RW          462    .data               timebase.o
    0x20000038   0x00000012   Data   RW          606    .data               usb_desc.o
    0x2000004a   0x00000002   PAD
    0x2000004c   0x00000044   Data   RW          665    .data               usb_istr.o
    0x20000090   0x00000088   Data   RW          707    .data               usb_prop.o
    0x20000118   0x0000000c   Data   RW          807    .data               usb_pwr.o
    0x20000124   0x00000014   Data   RW          947    .data               system_stm32f10x.o
    0x20000138   0x00000003   Data   RW         1015    .data               usb_core.o
    0x2000013b   0x00000001   PAD
    0x2000013c   0x00000014   Data   RW         1129    .data               usb_init.o
    0x20000150   0x00000004   Data   RW         1164    .data               usb_int.o
    0x20000154   0x000000d0   Zero   RW          199    .bss                blaster.o
    0x20000224   0x00000080   Zero   RW          306    .bss                ft245rom.o
    0x200002a4   0x0000001c   Zero   RW         1128    .bss                usb_init.o
    0x200002c0   0x00000400   Zero   RW          986    STACK               startup_stm32f10x_md.o


==============================================================================

Image component sizes


      Code (inc. data)   RO Data    RW Data    ZI Data      Debug   Object Name

       588        114          0         25        208       4508   blaster.o
       436         26          0          0          0       2548   blaster_port.o
       414         30          0          0        128       2444   ft245rom.o
       312         20          0          0          0       4764   hw_config.o
       316         76          0         16          0       2644   led.o
       172         14          0          0          0     224676   main.o
       132         22          0          0          0       1635   misc.o
       232          0          0          0          0       3228   ringbuf.o
        36          8        236          0       1024        776   startup_stm32f10x_md.o
        52          0          0          0          0       4520   stm32_it.o
       160         12          0          0          0       1605   stm32f10x_exti.o
       648         34          0          0          0       5336   stm32f10x_gpio.o
       108         24          0          0          0       2330   stm32f10x_rcc.o
       328         28          0         20          0       2093   system_stm32f10x.o
       280         46          0         12          0      25873   timebase.o
      3058        288          0          3          0      14855   usb_core.o
         0          0         92         18          0        913   usb_desc.o
        24          8          0          0          0        805   usb_endp.o
        60         24          0         20         28       4198   usb_init.o
       848         58          0          4          0       2337   usb_int.o
        80         18          0         68          0       1247   usb_istr.o
        96         10          0          0          0       1844   usb_mem.o
       670         88          0        136          0      10285   usb_prop.o
        64         10          0         12          0       1847   usb_pwr.o
      1184        150          0          0          0      14412   usb_regs.o
        82          8          0          0          0       1575   usb_sil.o

    ----------------------------------------------------------------------
     10402       1116        360        340       1388     343298   Object Totals
         0          0         32          0          0          0   (incl. Generated)
        22          0          0          6          0          0   (incl. Padding)

    ----------------------------------------------------------------------

      Code (inc. data)   RO Data    RW Data    ZI Data      Debug   Library Member Name

        86          0          0          0          0          0   __dczerorl2.o
         0          0          0          0          0          0   entry.o
         0          0          0          0          0          0   entry10a.o
         0          0          0          0          0          0   entry11a.o
         8          4          0          0          0          0   entry2.o
         4          0          0          0          0          0   entry5.o
         0          0          0          0          0          0   entry7b.o
         0          0          0          0          0          0   entry8b.o
         8          4          0          0          0          0   entry9a.o
        30          0          0          0          0          0   handlers.o
        36          8          0          0          0         68   init.o
        36          0          0          0          0         68   memcpya.o

    ----------------------------------------------------------------------
       210         16          0          0          0        136   Library Totals
         2          0          0          0          0          0   (incl. Padding)

    ----------------------------------------------------------------------

      Code (inc. data)   RO Data    RW Data    ZI Data      Debug   Library Name

       208         16          0          0          0        136   mc_w.l

    ----------------------------------------------------------------------
       210         16          0          0          0        136   Library Totals

    ----------------------------------------------------------------------

==============================================================================


      Code (inc. data)   RO Data    RW Data    ZI Data      Debug   

     10612       1132        360        340       1388     337062   Grand Totals
     10612       1132        360        124       1388     337062   ELF Image Totals (compressed)
     10612       1132        360        124          0          0   ROM Totals

==============================================================================

    Total RO  Size (Code + RO Data)                10972 (  10.71kB)
    Total RW  Size (RW Data + ZI Data)              1728 (   1.69kB)
    Total ROM Size (Code + RO Data + RW Data)      11096 (  10.84kB)

==============================================================================

